ready role=controller mode=wallclock isolated_lab=true fixture_oui=abcdef simulated_pps=false local_base=50000 peer_base=50006 framework_bytes=12254688 scene_bytes=64 sweep_bytes=112
AckV received: validation evidence only
query center_hz=100000000 sample_rate_hz=100000 (remote rate is not changed)
request center_hz=100000000 sweep=1 point=1 handle=1/0/1/1
AckV received: validation evidence only
tuned requested_hz=100000000 applied_hz=100000000 AckX=success AckS=matching latency_ns=1674750 dwell_start_ns=1976958 dwell_configured_ns=3000000 sweep=1 point=1 handle=1/0/1/1
dwell complete requested_hz=100000000 configured_ns=3000000 elapsed_ns=3096334
request center_hz=100025000 sweep=1 point=2 handle=1/0/2/1
AckV received: validation evidence only
tuned requested_hz=100025000 applied_hz=100025000 AckX=success AckS=matching latency_ns=2052791 dwell_start_ns=7126083 dwell_configured_ns=3000000 sweep=1 point=2 handle=1/0/2/1
dwell complete requested_hz=100025000 configured_ns=3000000 elapsed_ns=3108542
request center_hz=100050000 sweep=1 point=3 handle=1/0/3/1
AckV received: validation evidence only
tuned requested_hz=100050000 applied_hz=100050000 AckX=success AckS=matching latency_ns=1886417 dwell_start_ns=12121042 dwell_configured_ns=3000000 sweep=1 point=3 handle=1/0/3/1
dwell complete requested_hz=100050000 configured_ns=3000000 elapsed_ns=3076458
request center_hz=100075000 sweep=1 point=4 handle=1/0/4/1
AckV received: validation evidence only
tuned requested_hz=100075000 applied_hz=100075000 AckX=success AckS=matching latency_ns=2013458 dwell_start_ns=17210958 dwell_configured_ns=3000000 sweep=1 point=4 handle=1/0/4/1
dwell complete requested_hz=100075000 configured_ns=3000000 elapsed_ns=3095834
request center_hz=100100000 sweep=1 point=5 handle=1/0/5/1
AckV received: validation evidence only
tuned requested_hz=100100000 applied_hz=100100000 AckX=success AckS=matching latency_ns=2027208 dwell_start_ns=22334000 dwell_configured_ns=3000000 sweep=1 point=5 handle=1/0/5/1
dwell complete requested_hz=100100000 configured_ns=3000000 elapsed_ns=3080208
request center_hz=100125000 sweep=1 point=6 handle=1/0/6/1
AckV received: validation evidence only
tuned requested_hz=100125000 applied_hz=100125000 AckX=success AckS=matching latency_ns=2133250 dwell_start_ns=27547458 dwell_configured_ns=3000000 sweep=1 point=6 handle=1/0/6/1
dwell complete requested_hz=100125000 configured_ns=3000000 elapsed_ns=3098584
request center_hz=100150000 sweep=1 point=7 handle=1/0/7/1
AckV received: validation evidence only
tuned requested_hz=100150000 applied_hz=100150000 AckX=success AckS=matching latency_ns=2031833 dwell_start_ns=32677875 dwell_configured_ns=3000000 sweep=1 point=7 handle=1/0/7/1
dwell complete requested_hz=100150000 configured_ns=3000000 elapsed_ns=3067750
request center_hz=100175000 sweep=1 point=8 handle=1/0/8/1
AckV received: validation evidence only
tuned requested_hz=100175000 applied_hz=100175000 AckX=success AckS=matching latency_ns=2039875 dwell_start_ns=37785500 dwell_configured_ns=3000000 sweep=1 point=8 handle=1/0/8/1
dwell complete requested_hz=100175000 configured_ns=3000000 elapsed_ns=3151958
request center_hz=100200000 sweep=1 point=9 handle=1/0/9/1
AckV received: validation evidence only
tuned requested_hz=100200000 applied_hz=100200000 AckX=success AckS=matching latency_ns=1951834 dwell_start_ns=42889292 dwell_configured_ns=3000000 sweep=1 point=9 handle=1/0/9/1
dwell complete requested_hz=100200000 configured_ns=3000000 elapsed_ns=3044625
summary confirmed=9 received_iq=15 known_iq=15 receiver_drops=3 backend_writes=0 shutdown=5
