[1/228] Building CXX object tests/unit/P06/CMakeFiles/p06_outcomes.dir/outcomes.cpp.o
[2/228] Building CXX object tests/verification/P06/CMakeFiles/p06_verify_factors.dir/engine_factors.cpp.o
[3/228] Building CXX object tests/verification/P06/CMakeFiles/p06_verify_scenarios.dir/scenario_contract.cpp.o
[4/228] Building CXX object tests/verification/P06/CMakeFiles/p06_verify_controller.dir/controller_contract.cpp.o
[5/228] Building CXX object tests/unit/P06/CMakeFiles/p06_engine.dir/engine.cpp.o
[6/228] Building CXX object tests/verification/P06/CMakeFiles/p06_verify_outcomes.dir/outcome_contract.cpp.o
[7/228] Building CXX object tests/verification/P06/CMakeFiles/p06_verify_timing.dir/timing_contract.cpp.o
[8/228] Building CXX object tests/verification/P06/CMakeFiles/p06_verify_admission.dir/admission_contract.cpp.o
[9/228] Building CXX object tests/verification/P06/CMakeFiles/p06_verify_allocation.dir/allocation_contract.cpp.o
[10/228] Building CXX object tests/verification/P06/CMakeFiles/p06_verify_query.dir/query_contract.cpp.o
[11/228] Building CXX object tests/integration/P06/CMakeFiles/p06_loopback_transaction.dir/chain.cpp.o
In file included from /Users/rklinkhammer/workspace/vrt_framework/tests/integration/P06/chain.cpp:1:
/Users/rklinkhammer/workspace/vrt_framework/tests/integration/P06/../../unit/P05/support.hpp:36:79: warning: missing field 'completion_credit' initializer [-Wmissing-field-initializers]
   36 |     return TxSubmission{std::move(storage),std::move(*ticket),{44,1},key,fault};
      |                                                                               ^
/Users/rklinkhammer/workspace/vrt_framework/tests/integration/P06/chain.cpp:31:369: warning: missing field 'completion_credit' initializer [-Wmissing-field-initializers]
   31 |         auto send=[&](memory::BufferLease lease,std::size_t length,CounterKey key,PeerSession peer,std::uint64_t operation){assert(lease.set_size(length));memory::TxStorage storage;assert(storage.append(std::move(lease),0,length));auto ticket=tickets.reserve(operation);assert(ticket);auto accepted=transport.try_send({std::move(storage),std::move(*ticket),peer,key,{}});assert(accepted);assert(transport.progress(*accepted));tickets.scan([&](CompletionRecord r) noexcept {assert(r.result.status==CompletionStatus::succeeded);++completions;});};
      |                                                                                                                                                                                                                                                                                                                                                                                 ^
2 warnings generated.
[12/228] Building CXX object tests/unit/P07/CMakeFiles/p07_transactions.dir/transactions.cpp.o
[13/228] Building CXX object tests/unit/P07/CMakeFiles/p07_timing.dir/timing.cpp.o
[14/228] Building CXX object tests/unit/P07/CMakeFiles/p07_controller.dir/controller.cpp.o
[15/228] Building CXX object tests/verification/P07/CMakeFiles/p07_verify_keys.dir/key_contract.cpp.o
[16/228] Building CXX object tests/verification/P07/CMakeFiles/p07_verify_retention.dir/retention_contract.cpp.o
[17/228] Building CXX object tests/verification/P07/CMakeFiles/p07_verify_manager.dir/manager_contract.cpp.o
[18/228] Building CXX object tests/verification/P07/CMakeFiles/p07_verify_controller.dir/controller_contract.cpp.o
[19/228] Building CXX object tests/verification/P07/CMakeFiles/p07_verify_guard_race.dir/guard_race.cpp.o
[20/228] Building CXX object tests/verification/P07/CMakeFiles/p07_verify_timed_cancel.dir/timed_cancel.cpp.o
[21/228] Building CXX object tests/verification/P07/CMakeFiles/p07_verify_admission.dir/admission_contract.cpp.o
[22/228] Building CXX object tests/integration/P07/CMakeFiles/p07_loopback.dir/chain.cpp.o
In file included from /Users/rklinkhammer/workspace/vrt_framework/tests/integration/P07/chain.cpp:1:
/Users/rklinkhammer/workspace/vrt_framework/tests/integration/P07/../../unit/P05/support.hpp:36:79: warning: missing field 'completion_credit' initializer [-Wmissing-field-initializers]
   36 |     return TxSubmission{std::move(storage),std::move(*ticket),{44,1},key,fault};
      |                                                                               ^
/Users/rklinkhammer/workspace/vrt_framework/tests/integration/P07/chain.cpp:23:480: warning: missing field 'completion_credit' initializer [-Wmissing-field-initializers]
   23 |     auto send=[&](Bytes wire,CounterKey key,PeerSession peer){auto lease=tx.acquire({wire.size()});assert(lease);auto bytes=lease->writable_bytes();assert(bytes);std::copy(wire.begin(),wire.end(),bytes->begin());assert(lease->set_size(wire.size()));memory::TxStorage storage;assert(storage.append(std::move(*lease),0,wire.size()));auto completion=tickets.reserve(++submitted);assert(completion);auto token=transport.try_send({std::move(storage),std::move(*completion),peer,key,{}});assert(token);assert(transport.progress(*token));assert(tickets.scan([](CompletionRecord result) noexcept {assert(result.result.status==CompletionStatus::succeeded);})==1);};
      |                                                                                                                                                                                                                                                                                                                                                                                                                                                                                                ^
2 warnings generated.
[23/228] Building CXX object tests/unit/P10/CMakeFiles/p10_lab.dir/lab.cpp.o
[24/228] Building CXX object tests/integration/P09/CMakeFiles/p09_effects.dir/effects.cpp.o
[25/228] Building CXX object tests/verification/P09/CMakeFiles/p09_verify_effects.dir/effects_contract.cpp.o
[26/228] Building CXX object tests/verification/P10/CMakeFiles/p10_verify_packetization.dir/packetization_contract.cpp.o
[27/228] Building CXX object tests/unit/P10/CMakeFiles/p10_budget.dir/budget.cpp.o
[28/228] Building CXX object tests/unit/P10/CMakeFiles/p10_runtime.dir/runtime.cpp.o
[29/228] Building CXX object tests/verification/P10/CMakeFiles/p10_verify_pacing.dir/pacing_contract.cpp.o
In file included from /Users/rklinkhammer/workspace/vrt_framework/tests/verification/P10/pacing_contract.cpp:1:
/Users/rklinkhammer/workspace/vrt_framework/tests/verification/P10/runtime_fixture.hpp:10:251: warning: missing field 'large' initializer [-Wmissing-field-initializers]
   10 | inline vita::ExternalPools external_pools(){return{external_pool(64,64),external_pool(2048,64),external_pool(64,64),external_pool(8192,32),external_pool(8192,8),external_pool(2048,64),external_pool(8192,32),external_pool(8192,8),external_pool(8192,8)};}
      |                                                                                                                                                                                                                                                           ^
1 warning generated.
[30/228] Building CXX object tests/verification/P10/CMakeFiles/p10_verify_mapping.dir/mapping_contract.cpp.o
In file included from /Users/rklinkhammer/workspace/vrt_framework/tests/verification/P10/mapping_contract.cpp:1:
/Users/rklinkhammer/workspace/vrt_framework/tests/verification/P10/runtime_fixture.hpp:10:251: warning: missing field 'large' initializer [-Wmissing-field-initializers]
   10 | inline vita::ExternalPools external_pools(){return{external_pool(64,64),external_pool(2048,64),external_pool(64,64),external_pool(8192,32),external_pool(8192,8),external_pool(2048,64),external_pool(8192,32),external_pool(8192,8),external_pool(8192,8)};}
      |                                                                                                                                                                                                                                                           ^
1 warning generated.
[31/228] Building CXX object tests/verification/P10/CMakeFiles/p10_verify_ownership.dir/ownership_contract.cpp.o
In file included from /Users/rklinkhammer/workspace/vrt_framework/tests/verification/P10/ownership_contract.cpp:1:
/Users/rklinkhammer/workspace/vrt_framework/tests/verification/P10/runtime_fixture.hpp:10:251: warning: missing field 'large' initializer [-Wmissing-field-initializers]
   10 | inline vita::ExternalPools external_pools(){return{external_pool(64,64),external_pool(2048,64),external_pool(64,64),external_pool(8192,32),external_pool(8192,8),external_pool(2048,64),external_pool(8192,32),external_pool(8192,8),external_pool(8192,8)};}
      |                                                                                                                                                                                                                                                           ^
1 warning generated.
[32/228] Building CXX object tests/verification/P10/CMakeFiles/p10_verify_allocation.dir/allocation_contract.cpp.o
In file included from /Users/rklinkhammer/workspace/vrt_framework/tests/verification/P10/allocation_contract.cpp:1:
/Users/rklinkhammer/workspace/vrt_framework/tests/verification/P10/runtime_fixture.hpp:10:251: warning: missing field 'large' initializer [-Wmissing-field-initializers]
   10 | inline vita::ExternalPools external_pools(){return{external_pool(64,64),external_pool(2048,64),external_pool(64,64),external_pool(8192,32),external_pool(8192,8),external_pool(2048,64),external_pool(8192,32),external_pool(8192,8),external_pool(8192,8)};}
      |                                                                                                                                                                                                                                                           ^
1 warning generated.
[33/228] Building CXX object tests/verification/P10/CMakeFiles/p10_verify_clock_scenarios.dir/clock_scenarios.cpp.o
In file included from /Users/rklinkhammer/workspace/vrt_framework/tests/verification/P10/clock_scenarios.cpp:1:
/Users/rklinkhammer/workspace/vrt_framework/tests/verification/P10/runtime_fixture.hpp:10:251: warning: missing field 'large' initializer [-Wmissing-field-initializers]
   10 | inline vita::ExternalPools external_pools(){return{external_pool(64,64),external_pool(2048,64),external_pool(64,64),external_pool(8192,32),external_pool(8192,8),external_pool(2048,64),external_pool(8192,32),external_pool(8192,8),external_pool(8192,8)};}
      |                                                                                                                                                                                                                                                           ^
1 warning generated.
[34/228] Building CXX object tests/verification/P10/CMakeFiles/p10_verify_rate.dir/rate_contract.cpp.o
In file included from /Users/rklinkhammer/workspace/vrt_framework/tests/verification/P10/rate_contract.cpp:1:
/Users/rklinkhammer/workspace/vrt_framework/tests/verification/P10/runtime_fixture.hpp:10:251: warning: missing field 'large' initializer [-Wmissing-field-initializers]
   10 | inline vita::ExternalPools external_pools(){return{external_pool(64,64),external_pool(2048,64),external_pool(64,64),external_pool(8192,32),external_pool(8192,8),external_pool(2048,64),external_pool(8192,32),external_pool(8192,8),external_pool(8192,8)};}
      |                                                                                                                                                                                                                                                           ^
1 warning generated.
[35/228] Building CXX object tests/verification/P10/CMakeFiles/p10_verify_provider.dir/provider_contract.cpp.o
In file included from /Users/rklinkhammer/workspace/vrt_framework/tests/verification/P10/provider_contract.cpp:1:
/Users/rklinkhammer/workspace/vrt_framework/tests/verification/P10/runtime_fixture.hpp:10:251: warning: missing field 'large' initializer [-Wmissing-field-initializers]
   10 | inline vita::ExternalPools external_pools(){return{external_pool(64,64),external_pool(2048,64),external_pool(64,64),external_pool(8192,32),external_pool(8192,8),external_pool(2048,64),external_pool(8192,32),external_pool(8192,8),external_pool(8192,8)};}
      |                                                                                                                                                                                                                                                           ^
1 warning generated.
[36/228] Building CXX object tests/verification/P10/CMakeFiles/p10_verify_callback.dir/callback_contract.cpp.o
In file included from /Users/rklinkhammer/workspace/vrt_framework/tests/verification/P10/callback_contract.cpp:1:
/Users/rklinkhammer/workspace/vrt_framework/tests/verification/P10/runtime_fixture.hpp:10:251: warning: missing field 'large' initializer [-Wmissing-field-initializers]
   10 | inline vita::ExternalPools external_pools(){return{external_pool(64,64),external_pool(2048,64),external_pool(64,64),external_pool(8192,32),external_pool(8192,8),external_pool(2048,64),external_pool(8192,32),external_pool(8192,8),external_pool(8192,8)};}
      |                                                                                                                                                                                                                                                           ^
1 warning generated.
[37/228] Building CXX object tests/verification/P10/CMakeFiles/p10_verify_reference.dir/reference_contract.cpp.o
[38/228] Building CXX object tests/verification/P10/CMakeFiles/p10_verify_wait.dir/wait_contract.cpp.o
In file included from /Users/rklinkhammer/workspace/vrt_framework/tests/verification/P10/wait_contract.cpp:1:
/Users/rklinkhammer/workspace/vrt_framework/tests/verification/P10/runtime_fixture.hpp:10:251: warning: missing field 'large' initializer [-Wmissing-field-initializers]
   10 | inline vita::ExternalPools external_pools(){return{external_pool(64,64),external_pool(2048,64),external_pool(64,64),external_pool(8192,32),external_pool(8192,8),external_pool(2048,64),external_pool(8192,32),external_pool(8192,8),external_pool(8192,8)};}
      |                                                                                                                                                                                                                                                           ^
1 warning generated.
[39/228] Building CXX object tests/unit/P11/CMakeFiles/p11_transactions.dir/transactions.cpp.o
[40/228] Building CXX object tests/verification/P11/CMakeFiles/p11_verify_engine.dir/engine_contract.cpp.o
[41/228] Building CXX object tests/unit/P11/CMakeFiles/p11_runtime.dir/runtime.cpp.o
[42/228] Building CXX object tests/verification/P11/CMakeFiles/p11_verify_manager.dir/manager_contract.cpp.o
[43/228] Building CXX object tests/verification/P11/CMakeFiles/p11_verify_recovery.dir/recovery_contract.cpp.o
In file included from /Users/rklinkhammer/workspace/vrt_framework/tests/verification/P11/recovery_contract.cpp:1:
/Users/rklinkhammer/workspace/vrt_framework/tests/verification/P11/../P10/runtime_fixture.hpp:10:251: warning: missing field 'large' initializer [-Wmissing-field-initializers]
   10 | inline vita::ExternalPools external_pools(){return{external_pool(64,64),external_pool(2048,64),external_pool(64,64),external_pool(8192,32),external_pool(8192,8),external_pool(2048,64),external_pool(8192,32),external_pool(8192,8),external_pool(8192,8)};}
      |                                                                                                                                                                                                                                                           ^
/Users/rklinkhammer/workspace/vrt_framework/tests/verification/P11/recovery_contract.cpp:38:118: warning: missing field 'clock' initializer [-Wmissing-field-initializers]
   38 |   Reinit reinit;Completion completion;RecoveryConfig recovery{4,device->confirmed_state(),true,&reinit,Reinit::invoke};recovery.confirmed_state.fields[0].value=std::uint32_t{4};
      |                                                                                                                      ^
/Users/rklinkhammer/workspace/vrt_framework/tests/verification/P11/recovery_contract.cpp:51:82: warning: missing field 'clock' initializer [-Wmissing-field-initializers]
   51 |   RecoveryConfig recovery{4,device->confirmed_state(),true,&reinit,Reinit::invoke};recovery.confirmed_state.fields[0].value=std::uint32_t{4};
      |                                                                                  ^
3 warnings generated.
[44/228] Building CXX object tests/verification/P11/CMakeFiles/p11_verify_scenarios.dir/scenarios.cpp.o
In file included from /Users/rklinkhammer/workspace/vrt_framework/tests/verification/P11/scenarios.cpp:1:
/Users/rklinkhammer/workspace/vrt_framework/tests/verification/P11/../P10/runtime_fixture.hpp:10:251: warning: missing field 'large' initializer [-Wmissing-field-initializers]
   10 | inline vita::ExternalPools external_pools(){return{external_pool(64,64),external_pool(2048,64),external_pool(64,64),external_pool(8192,32),external_pool(8192,8),external_pool(2048,64),external_pool(8192,32),external_pool(8192,8),external_pool(8192,8)};}
      |                                                                                                                                                                                                                                                           ^
/Users/rklinkhammer/workspace/vrt_framework/tests/verification/P11/scenarios.cpp:19:84: warning: missing field 'clock' initializer [-Wmissing-field-initializers]
   19 |  const auto stopped_count=receiver.packets;RecoveryConfig recovery{1,confirmed,true};
      |                                                                                    ^
2 warnings generated.
[45/228] Building CXX object tests/verification/P11/CMakeFiles/p11_verify_banks.dir/banks_contract.cpp.o
In file included from /Users/rklinkhammer/workspace/vrt_framework/tests/verification/P11/banks_contract.cpp:1:
/Users/rklinkhammer/workspace/vrt_framework/tests/verification/P11/../P10/runtime_fixture.hpp:10:251: warning: missing field 'large' initializer [-Wmissing-field-initializers]
   10 | inline vita::ExternalPools external_pools(){return{external_pool(64,64),external_pool(2048,64),external_pool(64,64),external_pool(8192,32),external_pool(8192,8),external_pool(2048,64),external_pool(8192,32),external_pool(8192,8),external_pool(8192,8)};}
      |                                                                                                                                                                                                                                                           ^
/Users/rklinkhammer/workspace/vrt_framework/tests/verification/P11/banks_contract.cpp:6:119: warning: missing field 'clock' initializer [-Wmissing-field-initializers]
    6 |   for(unsigned iteration=0;iteration<6;++iteration){RecoveryConfig recovery{4+iteration,device->confirmed_state(),true};recovery.confirmed_state.fields[0].value=std::uint32_t{4+iteration};if(!device->recover(recovery))return 3;
      |                                                                                                                       ^
/Users/rklinkhammer/workspace/vrt_framework/tests/verification/P11/banks_contract.cpp:14:59: warning: missing field 'clock' initializer [-Wmissing-field-initializers]
   14 |   RecoveryConfig recovery{4,device->confirmed_state(),true};recovery.confirmed_state.fields[0].value=std::uint32_t{4};if(!device->recover(recovery))return 10;
      |                                                           ^
3 warnings generated.
[46/228] Building CXX object tests/verification/P11/CMakeFiles/p11_verify_continuity.dir/continuity_contract.cpp.o
In file included from /Users/rklinkhammer/workspace/vrt_framework/tests/verification/P11/continuity_contract.cpp:1:
/Users/rklinkhammer/workspace/vrt_framework/tests/verification/P11/../P10/runtime_fixture.hpp:10:251: warning: missing field 'large' initializer [-Wmissing-field-initializers]
   10 | inline vita::ExternalPools external_pools(){return{external_pool(64,64),external_pool(2048,64),external_pool(64,64),external_pool(8192,32),external_pool(8192,8),external_pool(2048,64),external_pool(8192,32),external_pool(8192,8),external_pool(8192,8)};}
      |                                                                                                                                                                                                                                                           ^
/Users/rklinkhammer/workspace/vrt_framework/tests/verification/P11/continuity_contract.cpp:6:58: warning: missing field 'clock' initializer [-Wmissing-field-initializers]
    6 |  RecoveryConfig recovery{4,device->confirmed_state(),true};recovery.confirmed_state.fields[0].value=std::uint32_t{4};if(!device->recover(recovery))return 3;
      |                                                          ^
2 warnings generated.
[47/228] Building CXX object tests/verification/P11/CMakeFiles/p11_verify_shutdown.dir/shutdown_contract.cpp.o
In file included from /Users/rklinkhammer/workspace/vrt_framework/tests/verification/P11/shutdown_contract.cpp:1:
/Users/rklinkhammer/workspace/vrt_framework/tests/verification/P11/../P10/runtime_fixture.hpp:10:251: warning: missing field 'large' initializer [-Wmissing-field-initializers]
   10 | inline vita::ExternalPools external_pools(){return{external_pool(64,64),external_pool(2048,64),external_pool(64,64),external_pool(8192,32),external_pool(8192,8),external_pool(2048,64),external_pool(8192,32),external_pool(8192,8),external_pool(8192,8)};}
      |                                                                                                                                                                                                                                                           ^
1 warning generated.
[48/228] Building CXX object tests/verification/P11/CMakeFiles/p11_verify_leases.dir/lease_contract.cpp.o
In file included from /Users/rklinkhammer/workspace/vrt_framework/tests/verification/P11/lease_contract.cpp:1:
/Users/rklinkhammer/workspace/vrt_framework/tests/verification/P11/../P10/runtime_fixture.hpp:10:251: warning: missing field 'large' initializer [-Wmissing-field-initializers]
   10 | inline vita::ExternalPools external_pools(){return{external_pool(64,64),external_pool(2048,64),external_pool(64,64),external_pool(8192,32),external_pool(8192,8),external_pool(2048,64),external_pool(8192,32),external_pool(8192,8),external_pool(8192,8)};}
      |                                                                                                                                                                                                                                                           ^
/Users/rklinkhammer/workspace/vrt_framework/tests/verification/P11/lease_contract.cpp:12:59: warning: missing field 'clock' initializer [-Wmissing-field-initializers]
   12 |   RecoveryConfig recovery{4,device->confirmed_state(),true};recovery.confirmed_state.fields[0].value=std::uint32_t{4};if(!device->recover(recovery))return 3;
      |                                                           ^
2 warnings generated.
[49/228] Building CXX object tests/verification/P11/CMakeFiles/p11_verify_allocation.dir/allocation_contract.cpp.o
In file included from /Users/rklinkhammer/workspace/vrt_framework/tests/verification/P11/allocation_contract.cpp:1:
/Users/rklinkhammer/workspace/vrt_framework/tests/verification/P11/../P10/runtime_fixture.hpp:10:251: warning: missing field 'large' initializer [-Wmissing-field-initializers]
   10 | inline vita::ExternalPools external_pools(){return{external_pool(64,64),external_pool(2048,64),external_pool(64,64),external_pool(8192,32),external_pool(8192,8),external_pool(2048,64),external_pool(8192,32),external_pool(8192,8),external_pool(8192,8)};}
      |                                                                                                                                                                                                                                                           ^
/Users/rklinkhammer/workspace/vrt_framework/tests/verification/P11/allocation_contract.cpp:13:58: warning: missing field 'clock' initializer [-Wmissing-field-initializers]
   13 |  RecoveryConfig recovery{4,device->confirmed_state(),true};recovery.confirmed_state.fields[0].value=std::uint32_t{4};const auto before=allocations;
      |                                                          ^
2 warnings generated.
[50/228] Building CXX object tests/verification/P11/CMakeFiles/p11_verify_late.dir/late_contract.cpp.o
In file included from /Users/rklinkhammer/workspace/vrt_framework/tests/verification/P11/late_contract.cpp:1:
/Users/rklinkhammer/workspace/vrt_framework/tests/verification/P11/../P10/runtime_fixture.hpp:10:251: warning: missing field 'large' initializer [-Wmissing-field-initializers]
   10 | inline vita::ExternalPools external_pools(){return{external_pool(64,64),external_pool(2048,64),external_pool(64,64),external_pool(8192,32),external_pool(8192,8),external_pool(2048,64),external_pool(8192,32),external_pool(8192,8),external_pool(8192,8)};}
      |                                                                                                                                                                                                                                                           ^
/Users/rklinkhammer/workspace/vrt_framework/tests/verification/P11/late_contract.cpp:6:42: warning: missing field 'clock' initializer [-Wmissing-field-initializers]
    6 |  RecoveryConfig recovery{4,confirmed,true};recovery.confirmed_state.fields[0].value=std::uint32_t{4};if(!device->recover(recovery))return 6;
      |                                          ^
2 warnings generated.
[51/228] Building CXX object tests/verification/P11/CMakeFiles/p11_verify_timed.dir/timed_contract.cpp.o
[52/228] Building CXX object tests/unit/P12/CMakeFiles/p12_adapter.dir/adapter.cpp.o
[53/228] Building CXX object tests/verification/P12/CMakeFiles/p12_verify_framing.dir/framing_contract.cpp.o
In file included from /Users/rklinkhammer/workspace/vrt_framework/tests/verification/P12/framing_contract.cpp:2:
/Users/rklinkhammer/workspace/vrt_framework/tests/verification/P12/../P10/runtime_fixture.hpp:10:251: warning: missing field 'large' initializer [-Wmissing-field-initializers]
   10 | inline vita::ExternalPools external_pools(){return{external_pool(64,64),external_pool(2048,64),external_pool(64,64),external_pool(8192,32),external_pool(8192,8),external_pool(2048,64),external_pool(8192,32),external_pool(8192,8),external_pool(8192,8)};}
      |                                                                                                                                                                                                                                                           ^
1 warning generated.
[54/228] Building CXX object tests/unit/P12/CMakeFiles/p12_binding.dir/binding.cpp.o
[55/228] Building CXX object tests/unit/P12/CMakeFiles/p12_runtime_binding.dir/runtime_binding.cpp.o
[56/228] Building CXX object tests/verification/P12/CMakeFiles/p12_verify_factory.dir/factory_contract.cpp.o
In file included from /Users/rklinkhammer/workspace/vrt_framework/tests/verification/P12/factory_contract.cpp:1:
/Users/rklinkhammer/workspace/vrt_framework/tests/verification/P12/../P10/runtime_fixture.hpp:10:251: warning: missing field 'large' initializer [-Wmissing-field-initializers]
   10 | inline vita::ExternalPools external_pools(){return{external_pool(64,64),external_pool(2048,64),external_pool(64,64),external_pool(8192,32),external_pool(8192,8),external_pool(2048,64),external_pool(8192,32),external_pool(8192,8),external_pool(8192,8)};}
      |                                                                                                                                                                                                                                                           ^
1 warning generated.
[57/228] Building CXX object tests/verification/P12/CMakeFiles/p12_verify_socket.dir/socket_contract.cpp.o
In file included from /Users/rklinkhammer/workspace/vrt_framework/tests/verification/P12/socket_contract.cpp:1:
In file included from /Users/rklinkhammer/workspace/vrt_framework/tests/verification/P12/fixture.hpp:3:
/Users/rklinkhammer/workspace/vrt_framework/tests/verification/P12/../P10/runtime_fixture.hpp:10:251: warning: missing field 'large' initializer [-Wmissing-field-initializers]
   10 | inline vita::ExternalPools external_pools(){return{external_pool(64,64),external_pool(2048,64),external_pool(64,64),external_pool(8192,32),external_pool(8192,8),external_pool(2048,64),external_pool(8192,32),external_pool(8192,8),external_pool(8192,8)};}
      |                                                                                                                                                                                                                                                           ^
/Users/rklinkhammer/workspace/vrt_framework/tests/verification/P12/socket_contract.cpp:13:258: warning: missing field 'completion_credit' initializer [-Wmissing-field-initializers]
   13 |   auto txpool=verify_p10::external_pool(64,4);CompletionArena<2> tickets;auto ticket=tickets.reserve(1);if(!ticket)return 7;auto submitted=adapter.try_send({storage(txpool,verify_p12::signal),std::move(*ticket),{7,1},{7,0x01020304,codec::PacketType::signal}});if(!submitted||!adapter.outstanding(*submitted)||tickets.consume(0))return 8;
      |                                                                                                                                                                                                                                                                  ^
2 warnings generated.
[58/228] Building CXX object tests/verification/P12/CMakeFiles/p12_verify_receive.dir/receive_contract.cpp.o
In file included from /Users/rklinkhammer/workspace/vrt_framework/tests/verification/P12/receive_contract.cpp:1:
In file included from /Users/rklinkhammer/workspace/vrt_framework/tests/verification/P12/fixture.hpp:3:
/Users/rklinkhammer/workspace/vrt_framework/tests/verification/P12/../P10/runtime_fixture.hpp:10:251: warning: missing field 'large' initializer [-Wmissing-field-initializers]
   10 | inline vita::ExternalPools external_pools(){return{external_pool(64,64),external_pool(2048,64),external_pool(64,64),external_pool(8192,32),external_pool(8192,8),external_pool(2048,64),external_pool(8192,32),external_pool(8192,8),external_pool(8192,8)};}
      |                                                                                                                                                                                                                                                           ^
1 warning generated.
[59/228] Building CXX object tests/verification/P12/CMakeFiles/p12_verify_isolation.dir/isolation_contract.cpp.o
In file included from /Users/rklinkhammer/workspace/vrt_framework/tests/verification/P12/isolation_contract.cpp:1:
In file included from /Users/rklinkhammer/workspace/vrt_framework/tests/verification/P12/fixture.hpp:3:
/Users/rklinkhammer/workspace/vrt_framework/tests/verification/P12/../P10/runtime_fixture.hpp:10:251: warning: missing field 'large' initializer [-Wmissing-field-initializers]
   10 | inline vita::ExternalPools external_pools(){return{external_pool(64,64),external_pool(2048,64),external_pool(64,64),external_pool(8192,32),external_pool(8192,8),external_pool(2048,64),external_pool(8192,32),external_pool(8192,8),external_pool(8192,8)};}
      |                                                                                                                                                                                                                                                           ^
/Users/rklinkhammer/workspace/vrt_framework/tests/verification/P12/isolation_contract.cpp:5:231: warning: missing field 'completion_credit' initializer [-Wmissing-field-initializers]
    5 |  for(unsigned i=0;i<6;++i){auto bytes=verify_p12::signal;bytes[1]=std::byte(i);auto ticket=tickets.reserve(i+1);if(!ticket||!adapter.try_send({storage(txpool,bytes),std::move(*ticket),{7,1},{7,0x01020304,codec::PacketType::signal}}))return 3;}
      |                                                                                                                                                                                                                                       ^
/Users/rklinkhammer/workspace/vrt_framework/tests/verification/P12/isolation_contract.cpp:6:251: warning: missing field 'completion_credit' initializer [-Wmissing-field-initializers]
    6 |  auto bytes=verify_p12::signal;bytes[1]=std::byte{6};auto rejected_ticket=tickets.reserve(7);if(!rejected_ticket)return 4;auto rejected=adapter.try_send({storage(txpool,bytes),std::move(*rejected_ticket),{7,1},{7,0x01020304,codec::PacketType::signal}});if(rejected||!rejected.error().submission.completion.is_reserved()||rejected.error().submission.storage.byte_size()!=16)return 5;
      |                                                                                                                                                                                                                                                           ^
/Users/rklinkhammer/workspace/vrt_framework/tests/verification/P12/isolation_contract.cpp:8:229: warning: missing field 'completion_credit' initializer [-Wmissing-field-initializers]
    8 |  for(bool cancel:{false,true}){auto ticket=tickets.reserve(cancel?9:8);auto bytes=command(cancel,cancel?1:0);if(!ticket||!adapter.try_send({storage(txpool,bytes),std::move(*ticket),{7,1},{7,0x01020304,codec::PacketType::command}}))return 7;}
      |                                                                                                                                                                                                                                     ^
4 warnings generated.
[60/228] Building CXX object tests/verification/P12/CMakeFiles/p12_verify_mtu.dir/mtu_contract.cpp.o
In file included from /Users/rklinkhammer/workspace/vrt_framework/tests/verification/P12/mtu_contract.cpp:1:
In file included from /Users/rklinkhammer/workspace/vrt_framework/tests/verification/P12/fixture.hpp:3:
/Users/rklinkhammer/workspace/vrt_framework/tests/verification/P12/../P10/runtime_fixture.hpp:10:251: warning: missing field 'large' initializer [-Wmissing-field-initializers]
   10 | inline vita::ExternalPools external_pools(){return{external_pool(64,64),external_pool(2048,64),external_pool(64,64),external_pool(8192,32),external_pool(8192,8),external_pool(2048,64),external_pool(8192,32),external_pool(8192,8),external_pool(8192,8)};}
      |                                                                                                                                                                                                                                                           ^
/Users/rklinkhammer/workspace/vrt_framework/tests/verification/P12/mtu_contract.cpp:5:216: warning: missing field 'completion_credit' initializer [-Wmissing-field-initializers]
    5 |  set_length(maximum+4);auto ticket=tickets.reserve(1);if(!ticket)return 4;auto rejected=adapter.try_send({storage(pool,Bytes{bytes}.first(maximum+4)),std::move(*ticket),{7,1},{7,0x01020304,codec::PacketType::signal}});if(rejected||rejected.error().error.code!=ErrorCode::short_output||!rejected.error().submission.completion.is_reserved()||admission.used(Resource::completion))return 5;
      |                                                                                                                                                                                                                        ^
/Users/rklinkhammer/workspace/vrt_framework/tests/verification/P12/mtu_contract.cpp:9:239: warning: missing field 'completion_credit' initializer [-Wmissing-field-initializers]
    9 |  set_length(maximum);auto accepted_ticket=tickets.reserve(2);if(!accepted_ticket)return 7;auto accepted=adapter.try_send({storage(pool,Bytes{bytes}.first(maximum)),std::move(*accepted_ticket),{7,1},{7,0x01020304,codec::PacketType::signal}});if(!accepted)return 8;for(unsigned n=0;n<6&&adapter.outstanding(*accepted);++n)if(!adapter.progress_next())return 9;
      |                                                                                                                                                                                                                                               ^
3 warnings generated.
[61/228] Building CXX object tests/verification/P12/CMakeFiles/p12_verify_rx_isolation.dir/rx_isolation.cpp.o
In file included from /Users/rklinkhammer/workspace/vrt_framework/tests/verification/P12/rx_isolation.cpp:1:
In file included from /Users/rklinkhammer/workspace/vrt_framework/tests/verification/P12/fixture.hpp:3:
/Users/rklinkhammer/workspace/vrt_framework/tests/verification/P12/../P10/runtime_fixture.hpp:10:251: warning: missing field 'large' initializer [-Wmissing-field-initializers]
   10 | inline vita::ExternalPools external_pools(){return{external_pool(64,64),external_pool(2048,64),external_pool(64,64),external_pool(8192,32),external_pool(8192,8),external_pool(2048,64),external_pool(8192,32),external_pool(8192,8),external_pool(8192,8)};}
      |                                                                                                                                                                                                                                                           ^
1 warning generated.
[62/228] Building CXX object tests/verification/P12/CMakeFiles/p12_verify_cycle.dir/cycle_contract.cpp.o
In file included from /Users/rklinkhammer/workspace/vrt_framework/tests/verification/P12/cycle_contract.cpp:1:
In file included from /Users/rklinkhammer/workspace/vrt_framework/tests/verification/P12/fixture.hpp:3:
/Users/rklinkhammer/workspace/vrt_framework/tests/verification/P12/../P10/runtime_fixture.hpp:10:251: warning: missing field 'large' initializer [-Wmissing-field-initializers]
   10 | inline vita::ExternalPools external_pools(){return{external_pool(64,64),external_pool(2048,64),external_pool(64,64),external_pool(8192,32),external_pool(8192,8),external_pool(2048,64),external_pool(8192,32),external_pool(8192,8),external_pool(8192,8)};}
      |                                                                                                                                                                                                                                                           ^
/Users/rklinkhammer/workspace/vrt_framework/tests/verification/P12/cycle_contract.cpp:4:235: warning: missing field 'completion_credit' initializer [-Wmissing-field-initializers]
    4 |  for(unsigned n=0;n<65;++n){auto bytes=verify_p12::signal;bytes[1]=std::byte(n%16);auto ticket=tickets.reserve(n+1);if(!ticket||!adapter.try_send({storage(txpool,bytes),std::move(*ticket),{7,1},{7,0x01020304,codec::PacketType::signal}}))return 3;}
      |                                                                                                                                                                                                                                           ^
/Users/rklinkhammer/workspace/vrt_framework/tests/verification/P12/cycle_contract.cpp:5:495: warning: missing field 'completion_credit' initializer [-Wmissing-field-initializers]
    5 |  for(unsigned n=0;n<33;++n){const bool cancel=n%2;std::array<std::byte,20> bytes{};bytes[0]=std::byte(cancel?0x61:0x60);bytes[1]=std::byte(n%16);bytes[3]=std::byte{5};bytes[4]=std::byte{1};bytes[5]=std::byte{2};bytes[6]=std::byte{3};bytes[7]=std::byte{4};bytes[8]=std::byte(cancel?9:1);bytes[9]=std::byte(cancel?8:0);bytes[15]=std::byte{42};auto ticket=tickets.reserve(n+66);if(!ticket||!adapter.try_send({storage(txpool,bytes),std::move(*ticket),{7,1},{7,0x01020304,codec::PacketType::command}}))return 4;}
      |                                                                                                                                                                                                                                                                                                                                                                                                                                                                                                               ^
3 warnings generated.
[63/228] Building CXX object tests/verification/P12/CMakeFiles/p12_verify_allocation.dir/allocation_contract.cpp.o
In file included from /Users/rklinkhammer/workspace/vrt_framework/tests/verification/P12/allocation_contract.cpp:1:
In file included from /Users/rklinkhammer/workspace/vrt_framework/tests/verification/P12/fixture.hpp:3:
/Users/rklinkhammer/workspace/vrt_framework/tests/verification/P12/../P10/runtime_fixture.hpp:10:251: warning: missing field 'large' initializer [-Wmissing-field-initializers]
   10 | inline vita::ExternalPools external_pools(){return{external_pool(64,64),external_pool(2048,64),external_pool(64,64),external_pool(8192,32),external_pool(8192,8),external_pool(2048,64),external_pool(8192,32),external_pool(8192,8),external_pool(8192,8)};}
      |                                                                                                                                                                                                                                                           ^
/Users/rklinkhammer/workspace/vrt_framework/tests/verification/P12/allocation_contract.cpp:13:255: warning: missing field 'completion_credit' initializer [-Wmissing-field-initializers]
   13 |  for(unsigned n=0;n<100;++n){auto bytes=verify_p12::signal;bytes[1]=std::byte(n%16);auto ticket=tickets.reserve(n+1);if(!ticket)return 3;auto token=(*made)->try_send({storage(txpool,bytes),std::move(*ticket),{7,1},{7,0x01020304,codec::PacketType::signal}});if(!token)return 4;(*made)->begin_cycle();for(unsigned j=0;j<6&&(*made)->outstanding(*token);++j)if(!(*made)->progress_next())return 5;auto completed=tickets.consume(0);if(!completed||completed->result.status!=CompletionStatus::succeeded)return 6;std::array<std::byte,64> received{};if(peer.receive(received)!=16)return 7;}
      |                                                                                                                                                                                                                                                               ^
2 warnings generated.
[64/228] Building CXX object tests/verification/P12/CMakeFiles/p12_verify_callback.dir/callback_contract.cpp.o
In file included from /Users/rklinkhammer/workspace/vrt_framework/tests/verification/P12/callback_contract.cpp:1:
In file included from /Users/rklinkhammer/workspace/vrt_framework/tests/verification/P12/fixture.hpp:3:
/Users/rklinkhammer/workspace/vrt_framework/tests/verification/P12/../P10/runtime_fixture.hpp:10:251: warning: missing field 'large' initializer [-Wmissing-field-initializers]
   10 | inline vita::ExternalPools external_pools(){return{external_pool(64,64),external_pool(2048,64),external_pool(64,64),external_pool(8192,32),external_pool(8192,8),external_pool(2048,64),external_pool(8192,32),external_pool(8192,8),external_pool(8192,8)};}
      |                                                                                                                                                                                                                                                           ^
/Users/rklinkhammer/workspace/vrt_framework/tests/verification/P12/callback_contract.cpp:6:460: warning: missing field 'completion_credit' initializer [-Wmissing-field-initializers]
    6 |  static void receive(void*p,const codec::PacketView&,const memory::RxEnvelope&)noexcept{auto& c=*static_cast<Callback*>(p);c.called=true;auto nested=c.adapter->progress_next();c.nested_rejected=!nested&&nested.error().code==ErrorCode::would_deadlock;c.adapter->begin_cycle();auto token=c.ticket.reserve(1);if(!token)return;auto accepted=c.adapter->try_send({storage(c.txpool,verify_p12::signal),std::move(*token),{7,1},{7,0x01020304,codec::PacketType::signal}});c.queued=bool(accepted);}
      |                                                                                                                                                                                                                                                                                                                                                                                                                                                                            ^
2 warnings generated.
[65/228] Building CXX object tests/unit/P13/CMakeFiles/p13_hooks.dir/hooks.cpp.o
[66/228] Building CXX object tests/verification/P12/CMakeFiles/p12_verify_runtime.dir/runtime_contract.cpp.o
In file included from /Users/rklinkhammer/workspace/vrt_framework/tests/verification/P12/runtime_contract.cpp:1:
In file included from /Users/rklinkhammer/workspace/vrt_framework/tests/verification/P12/fixture.hpp:3:
/Users/rklinkhammer/workspace/vrt_framework/tests/verification/P12/../P10/runtime_fixture.hpp:10:251: warning: missing field 'large' initializer [-Wmissing-field-initializers]
   10 | inline vita::ExternalPools external_pools(){return{external_pool(64,64),external_pool(2048,64),external_pool(64,64),external_pool(8192,32),external_pool(8192,8),external_pool(2048,64),external_pool(8192,32),external_pool(8192,8),external_pool(8192,8)};}
      |                                                                                                                                                                                                                                                           ^
1 warning generated.
[67/228] Building CXX object tests/unit/P13/CMakeFiles/p13_peer_capture.dir/peer_capture.cpp.o
[68/228] Building CXX object tests/unit/P13/CMakeFiles/p13_retention_occupancy.dir/retention_occupancy.cpp.o
[69/228] Building CXX object tests/unit/P13/CMakeFiles/p13_payload_modes.dir/payload_modes.cpp.o
[70/228] Building CXX object tests/verification/P13/CMakeFiles/p13_verify_ingress.dir/ingress_contract.cpp.o
In file included from /Users/rklinkhammer/workspace/vrt_framework/tests/verification/P13/ingress_contract.cpp:1:
In file included from /Users/rklinkhammer/workspace/vrt_framework/tests/verification/P13/../P12/fixture.hpp:3:
/Users/rklinkhammer/workspace/vrt_framework/tests/verification/P13/../P12/../P10/runtime_fixture.hpp:10:251: warning: missing field 'large' initializer [-Wmissing-field-initializers]
   10 | inline vita::ExternalPools external_pools(){return{external_pool(64,64),external_pool(2048,64),external_pool(64,64),external_pool(8192,32),external_pool(8192,8),external_pool(2048,64),external_pool(8192,32),external_pool(8192,8),external_pool(8192,8)};}
      |                                                                                                                                                                                                                                                           ^
1 warning generated.
[71/228] Building CXX object tests/verification/P13/CMakeFiles/p13_verify_trace.dir/trace_contract.cpp.o
[72/228] Building CXX object tests/verification/P13/CMakeFiles/p13_verify_retention_index.dir/retention_index_contract.cpp.o
[73/228] Building CXX object tests/verification/P13/CMakeFiles/p13_verify_late_capture.dir/late_capture_contract.cpp.o
[74/228] Building CXX object tests/verification/P13/CMakeFiles/p13_verify_payload.dir/payload_contract.cpp.o
In file included from /Users/rklinkhammer/workspace/vrt_framework/tests/verification/P13/payload_contract.cpp:3:
/Users/rklinkhammer/workspace/vrt_framework/tests/verification/P13/../P10/runtime_fixture.hpp:10:251: warning: missing field 'large' initializer [-Wmissing-field-initializers]
   10 | inline vita::ExternalPools external_pools(){return{external_pool(64,64),external_pool(2048,64),external_pool(64,64),external_pool(8192,32),external_pool(8192,8),external_pool(2048,64),external_pool(8192,32),external_pool(8192,8),external_pool(8192,8)};}
      |                                                                                                                                                                                                                                                           ^
1 warning generated.
[75/228] Building CXX object tests/verification/P13/CMakeFiles/p13_verify_runtime_trace.dir/runtime_trace.cpp.o
In file included from /Users/rklinkhammer/workspace/vrt_framework/tests/verification/P13/runtime_trace.cpp:1:
/Users/rklinkhammer/workspace/vrt_framework/tests/verification/P13/../P10/runtime_fixture.hpp:10:251: warning: missing field 'large' initializer [-Wmissing-field-initializers]
   10 | inline vita::ExternalPools external_pools(){return{external_pool(64,64),external_pool(2048,64),external_pool(64,64),external_pool(8192,32),external_pool(8192,8),external_pool(2048,64),external_pool(8192,32),external_pool(8192,8),external_pool(8192,8)};}
      |                                                                                                                                                                                                                                                           ^
1 warning generated.
[76/228] Building CXX object tests/verification/P13/CMakeFiles/p13_verify_pressure.dir/pressure_contract.cpp.o
In file included from /Users/rklinkhammer/workspace/vrt_framework/tests/verification/P13/pressure_contract.cpp:1:
/Users/rklinkhammer/workspace/vrt_framework/tests/verification/P13/../P10/runtime_fixture.hpp:10:251: warning: missing field 'large' initializer [-Wmissing-field-initializers]
   10 | inline vita::ExternalPools external_pools(){return{external_pool(64,64),external_pool(2048,64),external_pool(64,64),external_pool(8192,32),external_pool(8192,8),external_pool(2048,64),external_pool(8192,32),external_pool(8192,8),external_pool(8192,8)};}
      |                                                                                                                                                                                                                                                           ^
1 warning generated.
[77/228] Building CXX object tests/verification/P13/CMakeFiles/p13_verify_receiver_wire.dir/receiver_wire_contract.cpp.o
In file included from /Users/rklinkhammer/workspace/vrt_framework/tests/verification/P13/receiver_wire_contract.cpp:1:
In file included from /Users/rklinkhammer/workspace/vrt_framework/tests/verification/P13/../P12/fixture.hpp:3:
/Users/rklinkhammer/workspace/vrt_framework/tests/verification/P13/../P12/../P10/runtime_fixture.hpp:10:251: warning: missing field 'large' initializer [-Wmissing-field-initializers]
   10 | inline vita::ExternalPools external_pools(){return{external_pool(64,64),external_pool(2048,64),external_pool(64,64),external_pool(8192,32),external_pool(8192,8),external_pool(2048,64),external_pool(8192,32),external_pool(8192,8),external_pool(8192,8)};}
      |                                                                                                                                                                                                                                                           ^
1 warning generated.
[78/228] Building CXX object tests/verification/P13/CMakeFiles/p13_verify_receiver_core.dir/receiver_core_contract.cpp.o
In file included from /Users/rklinkhammer/workspace/vrt_framework/tests/verification/P13/receiver_core_contract.cpp:3:
/Users/rklinkhammer/workspace/vrt_framework/tests/verification/P13/../P10/runtime_fixture.hpp:10:251: warning: missing field 'large' initializer [-Wmissing-field-initializers]
   10 | inline vita::ExternalPools external_pools(){return{external_pool(64,64),external_pool(2048,64),external_pool(64,64),external_pool(8192,32),external_pool(8192,8),external_pool(2048,64),external_pool(8192,32),external_pool(8192,8),external_pool(8192,8)};}
      |                                                                                                                                                                                                                                                           ^
1 warning generated.
[79/228] Building CXX object tests/verification/P13/CMakeFiles/p13_verify_payload_runtime.dir/payload_runtime_contract.cpp.o
In file included from /Users/rklinkhammer/workspace/vrt_framework/tests/verification/P13/payload_runtime_contract.cpp:3:
/Users/rklinkhammer/workspace/vrt_framework/tests/verification/P13/../P10/runtime_fixture.hpp:10:251: warning: missing field 'large' initializer [-Wmissing-field-initializers]
   10 | inline vita::ExternalPools external_pools(){return{external_pool(64,64),external_pool(2048,64),external_pool(64,64),external_pool(8192,32),external_pool(8192,8),external_pool(2048,64),external_pool(8192,32),external_pool(8192,8),external_pool(8192,8)};}
      |                                                                                                                                                                                                                                                           ^
1 warning generated.
[80/228] Building CXX object tests/verification/P14/CMakeFiles/p14_verify_scalars.dir/scalar_contract.cpp.o
[81/228] Building CXX object tests/verification/P14/CMakeFiles/p14_verify_cif1_fixed.dir/cif1_fixed_contract.cpp.o
[82/228] Building CXX object tests/unit/P14/CMakeFiles/p14_cif7_bounds.dir/cif7_bounds.cpp.o
[83/228] Building CXX object tests/verification/P14/CMakeFiles/p14_verify_cif2_wire.dir/cif2_wire_contract.cpp.o
[84/228] Building CXX object tests/unit/P16/CMakeFiles/p16_scene_scan.dir/scene_scan.cpp.o
[85/228] Building CXX object tests/verification/P14/CMakeFiles/p14_verify_cif3_scalars.dir/cif3_scalar_contract.cpp.o
[86/228] Building CXX object tests/unit/P16/CMakeFiles/p16_scene_scan_options.dir/scene_scan_options.cpp.o
[87/228] Building CXX object tests/verification/P14/CMakeFiles/p14_verify_cif1_structures_profile.dir/cif1_structures_profile_contract.cpp.o
[88/228] Building CXX object tests/verification/P14/CMakeFiles/p14_verify_cif7_profile.dir/cif7_profile_contract.cpp.o
[89/228] Building CXX object tests/unit/P16/CMakeFiles/p16_scene_scan_endpoint.dir/scene_scan_endpoint.cpp.o
[90/228] Building CXX object tests/unit/P16/CMakeFiles/p16_budget.dir/budget.cpp.o
[91/228] Building CXX object tests/unit/P16/CMakeFiles/p16_core.dir/core.cpp.o
[92/228] Building CXX object tests/unit/P16/CMakeFiles/p16_binding.dir/binding.cpp.o
[93/228] Building CXX object tests/unit/P16/CMakeFiles/p16_held_counts.dir/held_counts.cpp.o
[94/228] Building CXX object tests/verification/P16/CMakeFiles/p16_verify_scene.dir/scene_contract.cpp.o
[95/228] Building CXX object tests/verification/P16/CMakeFiles/p16_verify_sweep.dir/sweep_contract.cpp.o
[96/228] Building CXX object tests/verification/P16/CMakeFiles/p16_verify_kernel.dir/kernel_contract.cpp.o
[97/228] Building CXX object tests/unit/P16/CMakeFiles/p16_remote.dir/remote.cpp.o
[98/228] Building CXX object tests/verification/P16/CMakeFiles/p16_verify_budget.dir/budget_contract.cpp.o
[99/228] Building CXX object tests/verification/P16/CMakeFiles/p16_verify_public.dir/public_contract.cpp.o
[100/228] Building CXX object tests/verification/P16/CMakeFiles/p16_verify_remote.dir/remote_contract.cpp.o
[101/228] Building CXX object tests/verification/P16/CMakeFiles/p16_verify_endpoint.dir/endpoint_contract.cpp.o
[102/228] Building CXX object tests/verification/P16/CMakeFiles/p16_verify_deferred.dir/deferred_contract.cpp.o
[103/228] Building CXX object tests/verification/P16/CMakeFiles/p16_verify_counters.dir/counter_contract.cpp.o
[104/228] Building CXX object tests/verification/P16/CMakeFiles/p16_verify_scene_runtime.dir/scene_runtime_contract.cpp.o
[105/228] Building CXX object tests/verification/P16/CMakeFiles/p16_verify_validation.dir/validation_contract.cpp.o
[106/228] Building CXX object tests/verification/P16/CMakeFiles/p16_verify_owned_budget.dir/owned_budget_contract.cpp.o
[107/228] Building CXX object tests/verification/P16/CMakeFiles/p16_verify_rf_lifecycle.dir/rf_lifecycle_contract.cpp.o
[108/228] Building CXX object tests/verification/P16/CMakeFiles/p16_verify_validation_rejection.dir/rejection_contract.cpp.o
[109/228] Building CXX object examples/CMakeFiles/vita_controller_example.dir/controller.cpp.o
[110/228] Building CXX object examples/CMakeFiles/vita_controllee_example.dir/controllee.cpp.o
[111/228] Building CXX object examples/CMakeFiles/vita_combined_example.dir/combined.cpp.o
[112/228] Linking CXX executable tests/unit/P06/p06_engine
[113/228] Linking CXX executable tests/unit/P06/p06_outcomes
[114/228] Linking CXX executable tests/verification/P06/p06_verify_factors
[115/228] Linking CXX executable tests/verification/P06/p06_verify_scenarios
[116/228] Linking CXX executable tests/verification/P06/p06_verify_controller
[117/228] Linking CXX executable tests/verification/P06/p06_verify_timing
[118/228] Linking CXX executable tests/verification/P06/p06_verify_admission
[119/228] Linking CXX executable tests/verification/P06/p06_verify_outcomes
[120/228] Linking CXX executable tests/verification/P06/p06_verify_allocation
[121/228] Linking CXX executable tests/verification/P06/p06_verify_query
[122/228] Linking CXX executable tests/integration/P06/p06_loopback_transaction
[123/228] Linking CXX executable tests/unit/P07/p07_transactions
[124/228] Linking CXX executable tests/unit/P07/p07_timing
[125/228] Linking CXX executable tests/unit/P07/p07_controller
[126/228] Linking CXX executable tests/verification/P07/p07_verify_retention
[127/228] Linking CXX executable tests/verification/P07/p07_verify_keys
[128/228] Building CXX object examples/frequency_scan/CMakeFiles/vita_frequency_scan_combined.dir/main.cpp.o
[129/228] Linking CXX executable tests/verification/P07/p07_verify_manager
[130/228] Linking CXX executable tests/verification/P07/p07_verify_controller
[131/228] Linking CXX executable tests/verification/P07/p07_verify_guard_race
[132/228] Linking CXX executable tests/verification/P07/p07_verify_timed_cancel
[133/228] Linking CXX executable tests/verification/P07/p07_verify_admission
[134/228] Linking CXX executable tests/integration/P07/p07_loopback
[135/228] Linking CXX executable tests/verification/P09/p09_verify_effects
[136/228] Linking CXX executable tests/integration/P09/p09_effects
[137/228] Linking CXX executable tests/unit/P10/p10_lab
[138/228] Linking CXX executable tests/unit/P10/p10_runtime
[139/228] Linking CXX executable tests/unit/P10/p10_budget
[140/228] Linking CXX executable tests/verification/P10/p10_verify_packetization
[141/228] Linking CXX executable tests/verification/P10/p10_verify_pacing
[142/228] Linking CXX executable tests/verification/P10/p10_verify_mapping
[143/228] Linking CXX executable tests/verification/P10/p10_verify_ownership
[144/228] Linking CXX executable tests/verification/P10/p10_verify_allocation
[145/228] Linking CXX executable tests/verification/P10/p10_verify_clock_scenarios
[146/228] Linking CXX executable tests/verification/P10/p10_verify_rate
[147/228] Linking CXX executable tests/verification/P10/p10_verify_provider
[148/228] Linking CXX executable tests/verification/P10/p10_verify_callback
[149/228] Linking CXX executable tests/verification/P10/p10_verify_reference
[150/228] Linking CXX executable tests/verification/P10/p10_verify_wait
[151/228] Linking CXX executable tests/unit/P11/p11_runtime
[152/228] Linking CXX executable tests/unit/P11/p11_transactions
[153/228] Linking CXX executable tests/verification/P11/p11_verify_engine
[154/228] Linking CXX executable tests/verification/P11/p11_verify_manager
[155/228] Linking CXX executable tests/verification/P11/p11_verify_recovery
[156/228] Linking CXX executable tests/verification/P11/p11_verify_scenarios
[157/228] Linking CXX executable tests/verification/P11/p11_verify_banks
[158/228] Linking CXX executable tests/verification/P11/p11_verify_continuity
[159/228] Linking CXX executable tests/verification/P11/p11_verify_shutdown
[160/228] Linking CXX executable tests/verification/P11/p11_verify_leases
[161/228] Linking CXX executable tests/verification/P11/p11_verify_allocation
[162/228] Linking CXX executable tests/verification/P11/p11_verify_late
[163/228] Linking CXX executable tests/verification/P11/p11_verify_timed
[164/228] Linking CXX executable tests/unit/P12/p12_binding
[165/228] Linking CXX executable tests/unit/P12/p12_adapter
[166/228] Linking CXX executable tests/unit/P12/p12_runtime_binding
[167/228] Linking CXX executable tests/verification/P12/p12_verify_factory
[168/228] Linking CXX executable tests/verification/P12/p12_verify_framing
[169/228] Linking CXX executable tests/verification/P12/p12_verify_socket
[170/228] Building CXX object examples/frequency_scan/CMakeFiles/vita_frequency_scan_controller.dir/main.cpp.o
[171/228] Linking CXX executable tests/verification/P12/p12_verify_receive
[172/228] Linking CXX executable tests/verification/P12/p12_verify_isolation
[173/228] Linking CXX executable tests/verification/P12/p12_verify_mtu
[174/228] Linking CXX executable tests/verification/P12/p12_verify_rx_isolation
[175/228] Linking CXX executable tests/verification/P12/p12_verify_cycle
[176/228] Linking CXX executable tests/verification/P12/p12_verify_allocation
[177/228] Linking CXX executable tests/verification/P12/p12_verify_runtime
[178/228] Linking CXX executable tests/verification/P12/p12_verify_callback
[179/228] Linking CXX executable tests/unit/P13/p13_hooks
[180/228] Linking CXX executable tests/unit/P13/p13_retention_occupancy
[181/228] Linking CXX executable tests/unit/P13/p13_peer_capture
[182/228] Linking CXX executable tests/unit/P13/p13_payload_modes
[183/228] Linking CXX executable tests/verification/P13/p13_verify_trace
[184/228] Linking CXX executable tests/verification/P13/p13_verify_ingress
[185/228] Linking CXX executable tests/verification/P13/p13_verify_runtime_trace
[186/228] Linking CXX executable tests/verification/P13/p13_verify_retention_index
[187/228] Linking CXX executable tests/verification/P13/p13_verify_late_capture
[188/228] Linking CXX executable tests/verification/P13/p13_verify_payload
[189/228] Linking CXX executable tests/verification/P13/p13_verify_pressure
[190/228] Linking CXX executable tests/verification/P13/p13_verify_receiver_wire
[191/228] Linking CXX executable tests/verification/P13/p13_verify_receiver_core
[192/228] Linking CXX executable tests/verification/P13/p13_verify_payload_runtime
[193/228] Linking CXX executable tests/verification/P14/p14_verify_scalars
[194/228] Linking CXX executable tests/verification/P14/p14_verify_cif1_fixed
[195/228] Linking CXX executable tests/unit/P14/p14_cif7_bounds
[196/228] Linking CXX executable tests/verification/P14/p14_verify_cif2_wire
[197/228] Linking CXX executable tests/verification/P14/p14_verify_cif3_scalars
[198/228] Linking CXX executable tests/verification/P14/p14_verify_cif7_profile
[199/228] Linking CXX executable tests/unit/P16/p16_scene_scan
[200/228] Linking CXX executable tests/unit/P16/p16_scene_scan_options
[201/228] Linking CXX executable tests/verification/P14/p14_verify_cif1_structures_profile
[202/228] Linking CXX executable tests/unit/P16/p16_scene_scan_endpoint
[203/228] Linking CXX executable tests/unit/P16/p16_core
[204/228] Linking CXX executable tests/unit/P16/p16_binding
[205/228] Linking CXX executable tests/unit/P16/p16_budget
[206/228] Linking CXX executable tests/unit/P16/p16_held_counts
[207/228] Linking CXX executable tests/verification/P16/p16_verify_scene
[208/228] Linking CXX executable tests/unit/P16/p16_remote
[209/228] Linking CXX executable tests/verification/P16/p16_verify_sweep
[210/228] Linking CXX executable tests/verification/P16/p16_verify_kernel
[211/228] Linking CXX executable tests/verification/P16/p16_verify_public
[212/228] Linking CXX executable tests/verification/P16/p16_verify_budget
[213/228] Linking CXX executable tests/verification/P16/p16_verify_remote
[214/228] Linking CXX executable tests/verification/P16/p16_verify_deferred
[215/228] Linking CXX executable tests/verification/P16/p16_verify_counters
[216/228] Linking CXX executable tests/verification/P16/p16_verify_scene_runtime
[217/228] Linking CXX executable tests/verification/P16/p16_verify_endpoint
[218/228] Linking CXX executable tests/verification/P16/p16_verify_rf_lifecycle
[219/228] Linking CXX executable tests/verification/P16/p16_verify_owned_budget
[220/228] Linking CXX executable tests/verification/P16/p16_verify_validation_rejection
[221/228] Linking CXX executable tests/verification/P16/p16_verify_validation
[222/228] Linking CXX executable examples/vita_controller_example
[223/228] Linking CXX executable examples/vita_controllee_example
[224/228] Linking CXX executable examples/vita_combined_example
[225/228] Linking CXX executable examples/frequency_scan/vita_frequency_scan_combined
[226/228] Building CXX object examples/frequency_scan/CMakeFiles/vita_frequency_scan_controllee.dir/main.cpp.o
[227/228] Linking CXX executable examples/frequency_scan/vita_frequency_scan_controller
[228/228] Linking CXX executable examples/frequency_scan/vita_frequency_scan_controllee
