Test project /Users/rklinkhammer/workspace/vrt_framework/build/udp-asan-ubsan
        Start   1: p00_core_multitu
  1/157 Test   #1: p00_core_multitu ...................   Passed    0.01 sec
        Start   2: p00_cxx23
  2/157 Test   #2: p00_cxx23 ..........................   Passed    0.01 sec
        Start   3: public_headers_standalone
  3/157 Test   #3: public_headers_standalone ..........   Passed   14.13 sec
        Start   4: architecture_fixtures
  4/157 Test   #4: architecture_fixtures ..............   Passed    0.02 sec
        Start   5: malformed_packet_mutation_replay
  5/157 Test   #5: malformed_packet_mutation_replay ...   Passed    1.39 sec
        Start   6: p00_verify_features
  6/157 Test   #6: p00_verify_features ................   Passed    0.01 sec
        Start   7: p00_verify_multi_tu
  7/157 Test   #7: p00_verify_multi_tu ................   Passed    0.01 sec
        Start   8: p00_verify_bad_library
  8/157 Test   #8: p00_verify_bad_library .............   Passed    0.39 sec
        Start   9: p00_verify_core_only
  9/157 Test   #9: p00_verify_core_only ...............   Passed    0.62 sec
        Start  10: p01_semantics
 10/157 Test  #10: p01_semantics ......................Subprocess aborted***Exception:   0.11 sec
Assertion failed: (!measure(unknown.freeze())), function main, file semantics.cpp, line 27.

        Start  11: p01_verify_core
 11/157 Test  #11: p01_verify_core ....................   Passed    0.01 sec
        Start  12: p01_verify_semantics
 12/157 Test  #12: p01_verify_semantics ...............   Passed    0.08 sec
        Start  13: p01_verify_allocations
 13/157 Test  #13: p01_verify_allocations .............   Passed    0.09 sec
        Start  14: p02_codec
 14/157 Test  #14: p02_codec ..........................   Passed    0.11 sec
        Start  15: p02_prologue
 15/157 Test  #15: p02_prologue .......................   Passed    0.07 sec
        Start  16: p02_ack_timing
 16/157 Test  #16: p02_ack_timing .....................   Passed    0.08 sec
        Start  17: p02_verify_wire
 17/157 Test  #17: p02_verify_wire ....................   Passed    0.07 sec
        Start  18: p02_verify_packet
 18/157 Test  #18: p02_verify_packet ..................   Passed    0.11 sec
        Start  19: p02_verify_samples
 19/157 Test  #19: p02_verify_samples .................   Passed    0.11 sec
        Start  20: p02_verify_prologue
 20/157 Test  #20: p02_verify_prologue ................   Passed    0.08 sec
        Start  21: p03_memory
 21/157 Test  #21: p03_memory .........................   Passed    0.02 sec
        Start  22: p03_verify_pool
 22/157 Test  #22: p03_verify_pool ....................   Passed    0.01 sec
        Start  23: p03_verify_envelope
 23/157 Test  #23: p03_verify_envelope ................   Passed    0.01 sec
        Start  24: p03_verify_edges
 24/157 Test  #24: p03_verify_edges ...................   Passed    0.01 sec
        Start  25: p04_runtime
 25/157 Test  #25: p04_runtime ........................   Passed    0.01 sec
        Start  26: p04_verify_tickets
 26/157 Test  #26: p04_verify_tickets .................   Passed    0.01 sec
        Start  27: p04_verify_admission_executor
 27/157 Test  #27: p04_verify_admission_executor ......   Passed    0.01 sec
        Start  28: p04_verify_quiescence_budget
 28/157 Test  #28: p04_verify_quiescence_budget .......   Passed    0.01 sec
        Start  29: p04_verify_coupled_admission
 29/157 Test  #29: p04_verify_coupled_admission .......   Passed    0.01 sec
        Start  30: p05_loopback
 30/157 Test  #30: p05_loopback .......................   Passed    0.11 sec
        Start  31: p05_isolation
 31/157 Test  #31: p05_isolation ......................   Passed    0.11 sec
        Start  32: p05_budget
 32/157 Test  #32: p05_budget .........................   Passed    0.08 sec
        Start  33: p05_verify_chain
 33/157 Test  #33: p05_verify_chain ...................   Passed    0.12 sec
        Start  34: p05_verify_routes
 34/157 Test  #34: p05_verify_routes ..................   Passed    0.08 sec
        Start  35: p05_verify_faults
 35/157 Test  #35: p05_verify_faults ..................   Passed    0.11 sec
        Start  36: p05_verify_budget
 36/157 Test  #36: p05_verify_budget ..................   Passed    0.06 sec
        Start  37: p05_m1_chain
 37/157 Test  #37: p05_m1_chain .......................   Passed    0.10 sec
        Start  38: p06_engine
 38/157 Test  #38: p06_engine .........................   Passed    0.14 sec
        Start  39: p06_outcomes
 39/157 Test  #39: p06_outcomes .......................   Passed    0.10 sec
        Start  40: p06_verify_cam
 40/157 Test  #40: p06_verify_cam .....................   Passed    0.09 sec
        Start  41: p06_verify_async
 41/157 Test  #41: p06_verify_async ...................   Passed    0.08 sec
        Start  42: p06_verify_factors
 42/157 Test  #42: p06_verify_factors .................   Passed    0.50 sec
        Start  43: p06_verify_scenarios
 43/157 Test  #43: p06_verify_scenarios ...............   Passed    0.12 sec
        Start  44: p06_verify_controller
 44/157 Test  #44: p06_verify_controller ..............   Passed    0.08 sec
        Start  45: p06_verify_timing
 45/157 Test  #45: p06_verify_timing ..................   Passed    0.12 sec
        Start  46: p06_verify_admission
 46/157 Test  #46: p06_verify_admission ...............   Passed    0.13 sec
        Start  47: p06_verify_outcomes
 47/157 Test  #47: p06_verify_outcomes ................   Passed    0.08 sec
        Start  48: p06_verify_allocation
 48/157 Test  #48: p06_verify_allocation ..............   Passed    0.21 sec
        Start  49: p06_verify_query
 49/157 Test  #49: p06_verify_query ...................   Passed    0.15 sec
        Start  50: p06_loopback_transaction
 50/157 Test  #50: p06_loopback_transaction ...........   Passed    0.15 sec
        Start  51: p07_transactions
 51/157 Test  #51: p07_transactions ...................   Passed    0.14 sec
        Start  52: p07_timing
 52/157 Test  #52: p07_timing .........................   Passed    0.14 sec
        Start  53: p07_controller
 53/157 Test  #53: p07_controller .....................   Passed    0.13 sec
        Start  54: p07_verify_retention
 54/157 Test  #54: p07_verify_retention ...............   Passed    0.10 sec
        Start  55: p07_verify_keys
 55/157 Test  #55: p07_verify_keys ....................   Passed    0.12 sec
        Start  56: p07_verify_manager
 56/157 Test  #56: p07_verify_manager .................   Passed    0.15 sec
        Start  57: p07_verify_controller
 57/157 Test  #57: p07_verify_controller ..............   Passed    0.12 sec
        Start  58: p07_verify_guard_race
 58/157 Test  #58: p07_verify_guard_race ..............   Passed    0.15 sec
        Start  59: p07_verify_timed_cancel
 59/157 Test  #59: p07_verify_timed_cancel ............   Passed    0.15 sec
        Start  60: p07_verify_admission
 60/157 Test  #60: p07_verify_admission ...............   Passed    0.14 sec
        Start  61: p07_loopback
 61/157 Test  #61: p07_loopback .......................   Passed    0.16 sec
        Start  62: p08_timing
 62/157 Test  #62: p08_timing .........................   Passed    0.02 sec
        Start  63: p08_verify_timeline
 63/157 Test  #63: p08_verify_timeline ................   Passed    0.01 sec
        Start  64: p08_verify_clock
 64/157 Test  #64: p08_verify_clock ...................   Passed    0.01 sec
        Start  65: p08_verify_scheduling
 65/157 Test  #65: p08_verify_scheduling ..............   Passed    0.01 sec
        Start  66: p09_context
 66/157 Test  #66: p09_context ........................   Passed    0.14 sec
        Start  67: p09_receiver
 67/157 Test  #67: p09_receiver .......................   Passed    0.09 sec
        Start  68: p09_verify_history
 68/157 Test  #68: p09_verify_history .................   Passed    0.09 sec
        Start  69: p09_verify_revisions
 69/157 Test  #69: p09_verify_revisions ...............   Passed    0.10 sec
        Start  70: p09_verify_receiver
 70/157 Test  #70: p09_verify_receiver ................   Passed    0.10 sec
        Start  71: p09_verify_publisher
 71/157 Test  #71: p09_verify_publisher ...............   Passed    0.11 sec
        Start  72: p09_verify_effects
 72/157 Test  #72: p09_verify_effects .................   Passed    0.15 sec
        Start  73: p09_verify_allocation
 73/157 Test  #73: p09_verify_allocation ..............   Passed    0.20 sec
        Start  74: p09_verify_context_wire
 74/157 Test  #74: p09_verify_context_wire ............   Passed    0.12 sec
        Start  75: p09_verify_budget
 75/157 Test  #75: p09_verify_budget ..................   Passed    0.08 sec
        Start  76: p09_effects
 76/157 Test  #76: p09_effects ........................   Passed    0.14 sec
        Start  77: p10_source
 77/157 Test  #77: p10_source .........................   Passed    0.07 sec
        Start  78: p10_lab
 78/157 Test  #78: p10_lab ............................   Passed    0.08 sec
        Start  79: p10_runtime
 79/157 Test  #79: p10_runtime ........................   Passed    0.37 sec
        Start  80: p10_budget
 80/157 Test  #80: p10_budget .........................   Passed    0.17 sec
        Start  81: p10_verify_credit
 81/157 Test  #81: p10_verify_credit ..................   Passed    0.09 sec
        Start  82: p10_verify_source
 82/157 Test  #82: p10_verify_source ..................   Passed    0.08 sec
        Start  83: p10_verify_packetization
 83/157 Test  #83: p10_verify_packetization ...........   Passed    0.08 sec
        Start  84: p10_verify_pacing
 84/157 Test  #84: p10_verify_pacing ..................   Passed    0.18 sec
        Start  85: p10_verify_mapping
 85/157 Test  #85: p10_verify_mapping .................   Passed    0.18 sec
        Start  86: p10_verify_ownership
 86/157 Test  #86: p10_verify_ownership ...............   Passed    0.16 sec
        Start  87: p10_verify_allocation
 87/157 Test  #87: p10_verify_allocation ..............   Passed    0.18 sec
        Start  88: p10_verify_clock_scenarios
 88/157 Test  #88: p10_verify_clock_scenarios .........   Passed    0.15 sec
        Start  89: p10_verify_rate
 89/157 Test  #89: p10_verify_rate ....................   Passed    0.14 sec
        Start  90: p10_verify_provider
 90/157 Test  #90: p10_verify_provider ................   Passed    0.14 sec
        Start  91: p10_verify_callback
 91/157 Test  #91: p10_verify_callback ................   Passed    0.12 sec
        Start  92: p10_verify_reference
 92/157 Test  #92: p10_verify_reference ...............   Passed    0.17 sec
        Start  93: p10_verify_wait
 93/157 Test  #93: p10_verify_wait ....................   Passed    0.16 sec
        Start  94: p11_runtime
 94/157 Test  #94: p11_runtime ........................   Passed    0.15 sec
        Start  95: p11_transactions
 95/157 Test  #95: p11_transactions ...................   Passed    0.14 sec
        Start  96: p11_verify_engine
 96/157 Test  #96: p11_verify_engine ..................   Passed    0.13 sec
        Start  97: p11_verify_manager
 97/157 Test  #97: p11_verify_manager .................   Passed    0.15 sec
        Start  98: p11_verify_recovery
 98/157 Test  #98: p11_verify_recovery ................   Passed    0.17 sec
        Start  99: p11_verify_scenarios
 99/157 Test  #99: p11_verify_scenarios ...............   Passed    0.19 sec
        Start 100: p11_verify_banks
100/157 Test #100: p11_verify_banks ...................   Passed    0.17 sec
        Start 101: p11_verify_continuity
101/157 Test #101: p11_verify_continuity ..............   Passed    0.16 sec
        Start 102: p11_verify_shutdown
102/157 Test #102: p11_verify_shutdown ................   Passed    0.16 sec
        Start 103: p11_verify_leases
103/157 Test #103: p11_verify_leases ..................   Passed    0.21 sec
        Start 104: p11_verify_allocation
104/157 Test #104: p11_verify_allocation ..............   Passed    0.15 sec
        Start 105: p11_verify_late
105/157 Test #105: p11_verify_late ....................   Passed    0.16 sec
        Start 106: p11_verify_timed
106/157 Test #106: p11_verify_timed ...................   Passed    0.13 sec
        Start 107: p12_binding
107/157 Test #107: p12_binding ........................   Passed    0.16 sec
        Start 108: p12_socket
108/157 Test #108: p12_socket .........................   Passed    0.07 sec
        Start 109: p12_adapter
109/157 Test #109: p12_adapter ........................   Passed    0.11 sec
        Start 110: p12_runtime_binding
110/157 Test #110: p12_runtime_binding ................   Passed    0.18 sec
        Start 111: p12_verify_factory
111/157 Test #111: p12_verify_factory .................   Passed    0.15 sec
        Start 112: p12_verify_framing
112/157 Test #112: p12_verify_framing .................   Passed    0.07 sec
        Start 113: p12_verify_socket
113/157 Test #113: p12_verify_socket ..................   Passed    0.10 sec
        Start 114: p12_verify_receive
114/157 Test #114: p12_verify_receive .................   Passed    0.10 sec
        Start 115: p12_verify_isolation
115/157 Test #115: p12_verify_isolation ...............   Passed    0.11 sec
        Start 116: p12_verify_mtu
116/157 Test #116: p12_verify_mtu .....................   Passed    0.10 sec
        Start 117: p12_verify_rx_isolation
117/157 Test #117: p12_verify_rx_isolation ............   Passed    0.10 sec
        Start 118: p12_verify_syscall
118/157 Test #118: p12_verify_syscall .................   Passed    0.02 sec
        Start 119: p12_verify_cycle
119/157 Test #119: p12_verify_cycle ...................   Passed    0.12 sec
        Start 120: p12_verify_runtime
120/157 Test #120: p12_verify_runtime .................   Passed    0.16 sec
        Start 121: p12_verify_allocation
121/157 Test #121: p12_verify_allocation ..............   Passed    0.09 sec
        Start 122: p12_verify_callback
122/157 Test #122: p12_verify_callback ................   Passed    0.10 sec
        Start 123: p13_hooks
123/157 Test #123: p13_hooks ..........................   Passed    0.14 sec
        Start 124: p13_retention_occupancy
124/157 Test #124: p13_retention_occupancy ............   Passed    1.10 sec
        Start 125: p13_peer_capture
125/157 Test #125: p13_peer_capture ...................   Passed    0.10 sec
        Start 126: p13_payload_modes
126/157 Test #126: p13_payload_modes ..................   Passed    0.09 sec
        Start 127: p13_receiver_analysis
127/157 Test #127: p13_receiver_analysis ..............   Passed    0.95 sec
        Start 128: p13_verify_trace
128/157 Test #128: p13_verify_trace ...................   Passed    0.13 sec
        Start 129: p13_verify_runtime_trace
129/157 Test #129: p13_verify_runtime_trace ...........   Passed    0.18 sec
        Start 130: p13_verify_ingress
130/157 Test #130: p13_verify_ingress .................   Passed    0.13 sec
        Start 131: p13_verify_ring
131/157 Test #131: p13_verify_ring ....................   Passed    0.08 sec
        Start 132: p13_verify_oracle
132/157 Test #132: p13_verify_oracle ..................   Passed    0.05 sec
        Start 133: p13_verify_retention_index
133/157 Test #133: p13_verify_retention_index .........   Passed    0.80 sec
        Start 134: p13_verify_pressure
134/157 Test #134: p13_verify_pressure ................   Passed    0.18 sec
        Start 135: p13_verify_late_capture
135/157 Test #135: p13_verify_late_capture ............   Passed    0.08 sec
        Start 136: p13_verify_payload
136/157 Test #136: p13_verify_payload .................   Passed    0.08 sec
        Start 137: p13_verify_payload_runtime
137/157 Test #137: p13_verify_payload_runtime .........   Passed    0.24 sec
        Start 138: p13_verify_receiver_wire
138/157 Test #138: p13_verify_receiver_wire ...........   Passed    0.11 sec
        Start 139: p13_verify_receiver_core
139/157 Test #139: p13_verify_receiver_core ...........   Passed    0.12 sec
        Start 140: p13_verify_receiver_analysis
140/157 Test #140: p13_verify_receiver_analysis .......   Passed    0.77 sec
        Start 141: p14_scalars
141/157 Test #141: p14_scalars ........................   Passed    0.01 sec
        Start 142: p14_public_usage
142/157 Test #142: p14_public_usage ...................   Passed    0.01 sec
        Start 143: p14_structures
143/157 Test #143: p14_structures .....................   Passed    0.02 sec
        Start 144: p14_structured_wire
144/157 Test #144: p14_structured_wire ................   Passed    0.01 sec
        Start 145: p14_cif1_fixed
145/157 Test #145: p14_cif1_fixed .....................   Passed    0.02 sec
        Start 146: p14_verify_scalars
146/157 Test #146: p14_verify_scalars .................   Passed    0.01 sec
        Start 147: p14_verify_allocation
147/157 Test #147: p14_verify_allocation ..............   Passed    0.16 sec
        Start 148: p14_verify_structured_wire
148/157 Test #148: p14_verify_structured_wire .........   Passed    0.01 sec
        Start 149: p14_verify_native
149/157 Test #149: p14_verify_native ..................   Passed    0.01 sec
        Start 150: p14_verify_structured_limits
150/157 Test #150: p14_verify_structured_limits .......   Passed    0.01 sec
        Start 151: p14_verify_native_allocation
151/157 Test #151: p14_verify_native_allocation .......   Passed    0.11 sec
        Start 152: p14_verify_structured_mutations
152/157 Test #152: p14_verify_structured_mutations ....   Passed    0.17 sec
        Start 153: p14_verify_cif1_fixed
153/157 Test #153: p14_verify_cif1_fixed ..............   Passed    0.63 sec
        Start 154: p14_verify_cif1_boundary
154/157 Test #154: p14_verify_cif1_boundary ...........   Passed    0.01 sec
        Start 155: p10_example_controller
155/157 Test #155: p10_example_controller .............   Passed    0.14 sec
        Start 156: p10_example_controllee
156/157 Test #156: p10_example_controllee .............   Passed    0.20 sec
        Start 157: p10_example_combined
157/157 Test #157: p10_example_combined ...............   Passed    0.21 sec

99% tests passed, 1 tests failed out of 157

Label Time Summary:
P14              =   0.07 sec*proc (5 tests)
allocation       =   0.09 sec*proc (1 test)
budget           =   3.33 sec*proc (20 tests)
cancellation     =   0.58 sec*proc (4 tests)
clock            =   0.54 sec*proc (4 tests)
codec            =   2.74 sec*proc (21 tests)
compile          =  15.60 sec*proc (12 tests)
concurrency      =   0.27 sec*proc (6 tests)
context          =   0.37 sec*proc (3 tests)
controller       =   0.13 sec*proc (1 test)
documentation    =   0.02 sec*proc (1 test)
examples         =   0.55 sec*proc (3 tests)
fuzz             =   1.39 sec*proc (1 test)
identity         =   0.24 sec*proc (2 tests)
integration      =   3.38 sec*proc (23 tests)
lifecycle        =   0.29 sec*proc (2 tests)
oracle           =   0.66 sec*proc (3 tests)
ownership        =   1.22 sec*proc (19 tests)
profile          =   0.52 sec*proc (3 tests)
retention        =   0.10 sec*proc (1 test)
revision         =   0.14 sec*proc (1 test)
source           =   0.09 sec*proc (1 test)
timing           =   0.57 sec*proc (6 tests)
trace            =   0.14 sec*proc (1 test)
transaction      =   4.94 sec*proc (28 tests)
transport        =   0.53 sec*proc (4 tests)
udp              =   0.36 sec*proc (3 tests)

Total Test time (real) =  36.68 sec

The following tests FAILED:
	 10 - p01_semantics (Subprocess aborted)                codec compile
Errors while running CTest
