ready role=combined mode=deterministic isolated_lab=true fixture_oui=abcdef simulated_pps=true local_base=41000 peer_base=42000 framework_bytes=12505328 scene_active=true scene_type_bytes=64 sweep_type_bytes=112
AckV received: accepted=true; validation evidence only
query center_hz=100000000 sample_rate_hz=100000 (remote rate is not changed)
request center_hz=100000000 sweep=1 point=1 handle=1/0/1/1
AckV received: accepted=true; validation evidence only
tuned requested_hz=100000000 applied_hz=100000000 AckX=success AckS=matching latency_ns=2600000 dwell_start_ns=2700000 dwell_configured_ns=1000000 sweep=1 point=1 handle=1/0/1/1
dwell complete requested_hz=100000000 configured_ns=1000000 elapsed_ns=1000000
request center_hz=100025000 sweep=1 point=2 handle=1/0/2/1
AckV received: accepted=true; validation evidence only
tuned requested_hz=100025000 applied_hz=100025000 AckX=success AckS=matching latency_ns=1600000 dwell_start_ns=5300000 dwell_configured_ns=1000000 sweep=1 point=2 handle=1/0/2/1
dwell complete requested_hz=100025000 configured_ns=1000000 elapsed_ns=1000000
request center_hz=100050000 sweep=1 point=3 handle=1/0/3/1
AckV received: accepted=true; validation evidence only
tuned requested_hz=100050000 applied_hz=100050000 AckX=success AckS=matching latency_ns=1500000 dwell_start_ns=7800000 dwell_configured_ns=1000000 sweep=1 point=3 handle=1/0/3/1
dwell complete requested_hz=100050000 configured_ns=1000000 elapsed_ns=1000000
request center_hz=100075000 sweep=1 point=4 handle=1/0/4/1
AckV received: accepted=true; validation evidence only
tuned requested_hz=100075000 applied_hz=100075000 AckX=success AckS=matching latency_ns=1600000 dwell_start_ns=10400000 dwell_configured_ns=1000000 sweep=1 point=4 handle=1/0/4/1
dwell complete requested_hz=100075000 configured_ns=1000000 elapsed_ns=1000000
request center_hz=100100000 sweep=1 point=5 handle=1/0/5/1
AckV received: accepted=true; validation evidence only
tuned requested_hz=100100000 applied_hz=100100000 AckX=success AckS=matching latency_ns=1500000 dwell_start_ns=12900000 dwell_configured_ns=1000000 sweep=1 point=5 handle=1/0/5/1
dwell complete requested_hz=100100000 configured_ns=1000000 elapsed_ns=1000000
request center_hz=100125000 sweep=1 point=6 handle=1/0/6/1
AckV received: accepted=true; validation evidence only
tuned requested_hz=100125000 applied_hz=100125000 AckX=success AckS=matching latency_ns=1600000 dwell_start_ns=15500000 dwell_configured_ns=1000000 sweep=1 point=6 handle=1/0/6/1
dwell complete requested_hz=100125000 configured_ns=1000000 elapsed_ns=1000000
request center_hz=100150000 sweep=1 point=7 handle=1/0/7/1
AckV received: accepted=true; validation evidence only
tuned requested_hz=100150000 applied_hz=100150000 AckX=success AckS=matching latency_ns=1600000 dwell_start_ns=18100000 dwell_configured_ns=1000000 sweep=1 point=7 handle=1/0/7/1
dwell complete requested_hz=100150000 configured_ns=1000000 elapsed_ns=1000000
request center_hz=100175000 sweep=1 point=8 handle=1/0/8/1
AckV received: accepted=true; validation evidence only
tuned requested_hz=100175000 applied_hz=100175000 AckX=success AckS=matching latency_ns=1500000 dwell_start_ns=20600000 dwell_configured_ns=1000000 sweep=1 point=8 handle=1/0/8/1
dwell complete requested_hz=100175000 configured_ns=1000000 elapsed_ns=1000000
request center_hz=100200000 sweep=1 point=9 handle=1/0/9/1
AckV received: accepted=true; validation evidence only
tuned requested_hz=100200000 applied_hz=100200000 AckX=success AckS=matching latency_ns=1600000 dwell_start_ns=23200000 dwell_configured_ns=1000000 sweep=1 point=9 handle=1/0/9/1
dwell complete requested_hz=100200000 configured_ns=1000000 elapsed_ns=1000000
request center_hz=100000000 sweep=2 point=1 handle=1/0/10/1
AckV received: accepted=true; validation evidence only
tuned requested_hz=100000000 applied_hz=100000000 AckX=success AckS=matching latency_ns=1500000 dwell_start_ns=25700000 dwell_configured_ns=1000000 sweep=2 point=1 handle=1/0/10/1
dwell complete requested_hz=100000000 configured_ns=1000000 elapsed_ns=1000000
request center_hz=100025000 sweep=2 point=2 handle=1/0/11/1
AckV received: accepted=true; validation evidence only
tuned requested_hz=100025000 applied_hz=100025000 AckX=success AckS=matching latency_ns=1600000 dwell_start_ns=28300000 dwell_configured_ns=1000000 sweep=2 point=2 handle=1/0/11/1
dwell complete requested_hz=100025000 configured_ns=1000000 elapsed_ns=1000000
request center_hz=100050000 sweep=2 point=3 handle=1/0/12/1
AckV received: accepted=true; validation evidence only
tuned requested_hz=100050000 applied_hz=100050000 AckX=success AckS=matching latency_ns=1600000 dwell_start_ns=30900000 dwell_configured_ns=1000000 sweep=2 point=3 handle=1/0/12/1
dwell complete requested_hz=100050000 configured_ns=1000000 elapsed_ns=1000000
request center_hz=100075000 sweep=2 point=4 handle=1/0/13/1
AckV received: accepted=true; validation evidence only
tuned requested_hz=100075000 applied_hz=100075000 AckX=success AckS=matching latency_ns=1500000 dwell_start_ns=33400000 dwell_configured_ns=1000000 sweep=2 point=4 handle=1/0/13/1
dwell complete requested_hz=100075000 configured_ns=1000000 elapsed_ns=1000000
request center_hz=100100000 sweep=2 point=5 handle=1/0/14/1
AckV received: accepted=true; validation evidence only
tuned requested_hz=100100000 applied_hz=100100000 AckX=success AckS=matching latency_ns=1600000 dwell_start_ns=36000000 dwell_configured_ns=1000000 sweep=2 point=5 handle=1/0/14/1
dwell complete requested_hz=100100000 configured_ns=1000000 elapsed_ns=1000000
request center_hz=100125000 sweep=2 point=6 handle=1/0/15/1
AckV received: accepted=true; validation evidence only
tuned requested_hz=100125000 applied_hz=100125000 AckX=success AckS=matching latency_ns=1500000 dwell_start_ns=38500000 dwell_configured_ns=1000000 sweep=2 point=6 handle=1/0/15/1
dwell complete requested_hz=100125000 configured_ns=1000000 elapsed_ns=1000000
request center_hz=100150000 sweep=2 point=7 handle=1/0/16/1
AckV received: accepted=true; validation evidence only
tuned requested_hz=100150000 applied_hz=100150000 AckX=success AckS=matching latency_ns=1600000 dwell_start_ns=41100000 dwell_configured_ns=1000000 sweep=2 point=7 handle=1/0/16/1
dwell complete requested_hz=100150000 configured_ns=1000000 elapsed_ns=1000000
request center_hz=100175000 sweep=2 point=8 handle=1/0/17/1
AckV received: accepted=true; validation evidence only
tuned requested_hz=100175000 applied_hz=100175000 AckX=success AckS=matching latency_ns=1600000 dwell_start_ns=43700000 dwell_configured_ns=1000000 sweep=2 point=8 handle=1/0/17/1
dwell complete requested_hz=100175000 configured_ns=1000000 elapsed_ns=1000000
request center_hz=100200000 sweep=2 point=9 handle=1/0/18/1
AckV received: accepted=true; validation evidence only
tuned requested_hz=100200000 applied_hz=100200000 AckX=success AckS=matching latency_ns=1500000 dwell_start_ns=46200000 dwell_configured_ns=1000000 sweep=2 point=9 handle=1/0/18/1
dwell complete requested_hz=100200000 configured_ns=1000000 elapsed_ns=1000000
summary confirmed=18 received_iq=19 known_iq=19 receiver_drops=0 backend_writes=18 shutdown=5
