[1/2] Building CXX object tests/verification/P14/CMakeFiles/p14_verify_cif3_duration.dir/cif3_duration_contract.cpp.o
/Users/rklinkhammer/workspace/vrt_framework/tests/verification/P14/cif3_duration_contract.cpp:8:354: warning: comparison of integers of different signs: 'size_type' (aka 'unsigned long') and 'int' [-Wsign-compare]
    8 | int main(){for(unsigned tsi=0;tsi<4;++tsi)for(unsigned tsf=0;tsf<4;++tsf){auto raw=packet(tsi,tsf);auto p=decode_packet(raw);if(!tsi&&!tsf){assert(!p);continue;}assert(p&&p->fields.size()==2);const auto t=(tsi?1:0)+(tsf?2:0);for(unsigned i=0;i<2;++i){assert(p->fields[i].id==(FieldId{3,static_cast<std::uint8_t>(17-i)}));assert(p->fields[i].bytes.size()==t*4);auto value=p->fields[i].duration();assert(value&&value->tsi==tsi&&value->tsf==tsf&&value->seconds==(tsi?0xabcdef00u+i:0)&&value->fractional==(tsf?0xfedcba9876543210ull+i:0));auto forged=p->fields[i];for(std::size_t n=0;n<forged.bytes.size();++n){auto short_view=forged;short_view.bytes=forged.bytes.first(n);assert(!short_view.duration());}forged.timestamp_format.tsi=4;assert(!forged.duration());}
      |                                                                                                                                                                                                                                                                                                                                         ~~~~~~~~~~~~~~~~~~~~~~~~~^ ~~~
/Library/Developer/CommandLineTools/SDKs/MacOSX.sdk/usr/include/assert.h:72:25: note: expanded from macro 'assert'
   72 |     (__builtin_expect(!(e), 0) ? __assert_rtn(__func__, __ASSERT_FILE_NAME, __LINE__, #e) : (void)0)
      |                         ^
/Users/rklinkhammer/workspace/vrt_framework/tests/verification/P14/cif3_duration_contract.cpp:9:358: warning: comparison of integers of different signs: 'std::size_t' (aka 'unsigned long') and 'int' [-Wsign-compare]
    9 |  NativeContextPacket<64> builder;assert(builder.bind_timestamp_format(tsi,tsf));for(unsigned i=0;i<2;++i)assert(p->fields[i].materialize_into(builder));auto snapshot=builder.freeze();auto m=measure(snapshot);auto idx=index_layout<4>(snapshot);assert(m&&idx&&idx->size()==2&&(*idx)[0].offset==8&&(*idx)[0].bytes==4*t&&(*idx)[1].offset==8+4*t&&(*idx)[1].bytes==4*t);Envelope env;env.type=PacketType::context;env.stream_id=1;env.timestamp={static_cast<Tsi>(tsi),static_cast<Tsf>(tsf),99,17};std::array<std::byte,64> output{};auto encoded=encode_packet(env,snapshot,output);assert(encoded&&*encoded==raw.size()&&std::equal(raw.begin(),raw.end(),output.begin()));
      |                                                                                                                                                                                                                                                                                                                                                       ~~~~~~~~~~~~~~~^ ~~~
/Library/Developer/CommandLineTools/SDKs/MacOSX.sdk/usr/include/assert.h:72:25: note: expanded from macro 'assert'
   72 |     (__builtin_expect(!(e), 0) ? __assert_rtn(__func__, __ASSERT_FILE_NAME, __LINE__, #e) : (void)0)
      |                         ^
/Users/rklinkhammer/workspace/vrt_framework/tests/verification/P14/cif3_duration_contract.cpp:9:334: warning: comparison of integers of different signs: 'std::size_t' (aka 'unsigned long') and 'int' [-Wsign-compare]
    9 |  NativeContextPacket<64> builder;assert(builder.bind_timestamp_format(tsi,tsf));for(unsigned i=0;i<2;++i)assert(p->fields[i].materialize_into(builder));auto snapshot=builder.freeze();auto m=measure(snapshot);auto idx=index_layout<4>(snapshot);assert(m&&idx&&idx->size()==2&&(*idx)[0].offset==8&&(*idx)[0].bytes==4*t&&(*idx)[1].offset==8+4*t&&(*idx)[1].bytes==4*t);Envelope env;env.type=PacketType::context;env.stream_id=1;env.timestamp={static_cast<Tsi>(tsi),static_cast<Tsf>(tsf),99,17};std::array<std::byte,64> output{};auto encoded=encode_packet(env,snapshot,output);assert(encoded&&*encoded==raw.size()&&std::equal(raw.begin(),raw.end(),output.begin()));
      |                                                                                                                                                                                                                                                                                                                              ~~~~~~~~~~~~~~~~^ ~~~~~
/Library/Developer/CommandLineTools/SDKs/MacOSX.sdk/usr/include/assert.h:72:25: note: expanded from macro 'assert'
   72 |     (__builtin_expect(!(e), 0) ? __assert_rtn(__func__, __ASSERT_FILE_NAME, __LINE__, #e) : (void)0)
      |                         ^
/Users/rklinkhammer/workspace/vrt_framework/tests/verification/P14/cif3_duration_contract.cpp:9:311: warning: comparison of integers of different signs: 'std::size_t' (aka 'unsigned long') and 'int' [-Wsign-compare]
    9 |  NativeContextPacket<64> builder;assert(builder.bind_timestamp_format(tsi,tsf));for(unsigned i=0;i<2;++i)assert(p->fields[i].materialize_into(builder));auto snapshot=builder.freeze();auto m=measure(snapshot);auto idx=index_layout<4>(snapshot);assert(m&&idx&&idx->size()==2&&(*idx)[0].offset==8&&(*idx)[0].bytes==4*t&&(*idx)[1].offset==8+4*t&&(*idx)[1].bytes==4*t);Envelope env;env.type=PacketType::context;env.stream_id=1;env.timestamp={static_cast<Tsi>(tsi),static_cast<Tsf>(tsf),99,17};std::array<std::byte,64> output{};auto encoded=encode_packet(env,snapshot,output);assert(encoded&&*encoded==raw.size()&&std::equal(raw.begin(),raw.end(),output.begin()));
      |                                                                                                                                                                                                                                                                                                        ~~~~~~~~~~~~~~~^ ~~~
/Library/Developer/CommandLineTools/SDKs/MacOSX.sdk/usr/include/assert.h:72:25: note: expanded from macro 'assert'
   72 |     (__builtin_expect(!(e), 0) ? __assert_rtn(__func__, __ASSERT_FILE_NAME, __LINE__, #e) : (void)0)
      |                         ^
4 warnings generated.
[2/2] Linking CXX executable tests/verification/P14/p14_verify_cif3_duration
