[1/264] Building CXX object fuzz/CMakeFiles/vita_fuzz_replay.dir/replay.cpp.o
[2/264] Building CXX object bench/CMakeFiles/vita_replay_sender.dir/replay_main.cpp.o
[3/264] Building CXX object tests/unit/P01/CMakeFiles/p01_semantics.dir/semantics.cpp.o
[4/264] Building CXX object tests/verification/P01/CMakeFiles/p01_verify_semantics.dir/semantic_contract.cpp.o
[5/264] Building CXX object bench/CMakeFiles/vita_receiver_benchmark.dir/receiver_main.cpp.o
[6/264] Building CXX object tests/verification/P01/CMakeFiles/p01_verify_allocations.dir/allocation_contract.cpp.o
[7/264] Building CXX object tests/unit/P02/CMakeFiles/p02_codec.dir/other_tu.cpp.o
[8/264] Building CXX object tests/unit/P02/CMakeFiles/p02_prologue.dir/prologue.cpp.o
[9/264] Building CXX object tests/unit/P02/CMakeFiles/p02_ack_timing.dir/ack_timing.cpp.o
[10/264] Building CXX object tests/verification/P02/CMakeFiles/p02_verify_wire.dir/wire_contract.cpp.o
[11/264] Building CXX object tests/unit/P02/CMakeFiles/p02_codec.dir/codec.cpp.o
[12/264] Building CXX object tests/verification/P02/CMakeFiles/p02_verify_samples.dir/other_tu.cpp.o
[13/264] Building CXX object tests/verification/P02/CMakeFiles/p02_verify_samples.dir/sample_contract.cpp.o
[14/264] Building CXX object tests/verification/P02/CMakeFiles/p02_verify_prologue.dir/prologue_contract.cpp.o
[15/264] Building CXX object tests/verification/P02/CMakeFiles/p02_verify_packet.dir/packet_contract.cpp.o
[16/264] Building CXX object tests/unit/P05/CMakeFiles/p05_budget.dir/budget.cpp.o
[17/264] Building CXX object tests/unit/P05/CMakeFiles/p05_loopback.dir/loopback.cpp.o
In file included from /Users/rklinkhammer/workspace/vrt_framework/tests/unit/P05/loopback.cpp:1:
/Users/rklinkhammer/workspace/vrt_framework/tests/unit/P05/support.hpp:36:79: warning: missing field 'completion_credit' initializer [-Wmissing-field-initializers]
   36 |     return TxSubmission{std::move(storage),std::move(*ticket),{44,1},key,fault};
      |                                                                               ^
1 warning generated.
[18/264] Building CXX object tests/unit/P05/CMakeFiles/p05_isolation.dir/isolation.cpp.o
In file included from /Users/rklinkhammer/workspace/vrt_framework/tests/unit/P05/isolation.cpp:1:
/Users/rklinkhammer/workspace/vrt_framework/tests/unit/P05/support.hpp:36:79: warning: missing field 'completion_credit' initializer [-Wmissing-field-initializers]
   36 |     return TxSubmission{std::move(storage),std::move(*ticket),{44,1},key,fault};
      |                                                                               ^
/Users/rklinkhammer/workspace/vrt_framework/tests/unit/P05/isolation.cpp:29:80: warning: missing field 'completion_credit' initializer [-Wmissing-field-initializers]
   29 |         return TxSubmission{std::move(storage),std::move(*ticket),{44,1},key,{}};
      |                                                                                ^
2 warnings generated.
[19/264] Building CXX object bench/CMakeFiles/vita_benchmark.dir/main.cpp.o
[20/264] Building CXX object tests/verification/P05/CMakeFiles/p05_verify_routes.dir/routes_contract.cpp.o
[21/264] Building CXX object tests/verification/P05/CMakeFiles/p05_verify_budget.dir/budget_contract.cpp.o
[22/264] Building CXX object tests/verification/P05/CMakeFiles/p05_verify_chain.dir/loopback_integration.cpp.o
/Users/rklinkhammer/workspace/vrt_framework/tests/verification/P05/loopback_integration.cpp:45:97: warning: missing field 'completion_credit' initializer [-Wmissing-field-initializers]
   45 |         auto accepted=transport.try_send({std::move(storage),std::move(*completion),peer,counter});
      |                                                                                                 ^
1 warning generated.
[23/264] Building CXX object tests/verification/P05/CMakeFiles/p05_verify_faults.dir/faults_contract.cpp.o
/Users/rklinkhammer/workspace/vrt_framework/tests/verification/P05/faults_contract.cpp:25:116: warning: missing field 'completion_credit' initializer [-Wmissing-field-initializers]
   25 |     auto token=arena.reserve(id);if(!token)std::abort();return {std::move(storage),std::move(*token),peer,key,fault};
      |                                                                                                                    ^
1 warning generated.
[24/264] Building CXX object tests/integration/P05/CMakeFiles/p05_m1_chain.dir/chain.cpp.o
In file included from /Users/rklinkhammer/workspace/vrt_framework/tests/integration/P05/chain.cpp:1:
/Users/rklinkhammer/workspace/vrt_framework/tests/integration/P05/../../unit/P05/support.hpp:36:79: warning: missing field 'completion_credit' initializer [-Wmissing-field-initializers]
   36 |     return TxSubmission{std::move(storage),std::move(*ticket),{44,1},key,fault};
      |                                                                               ^
1 warning generated.
[25/264] Building CXX object tests/verification/P06/CMakeFiles/p06_verify_cam.dir/cam_contract.cpp.o
[26/264] Building CXX object tests/unit/P06/CMakeFiles/p06_outcomes.dir/outcomes.cpp.o
[27/264] Building CXX object tests/verification/P06/CMakeFiles/p06_verify_async.dir/async_contract.cpp.o
[28/264] Building CXX object tests/unit/P06/CMakeFiles/p06_engine.dir/engine.cpp.o
[29/264] Building CXX object tests/verification/P06/CMakeFiles/p06_verify_controller.dir/controller_contract.cpp.o
[30/264] Building CXX object tests/verification/P06/CMakeFiles/p06_verify_factors.dir/engine_factors.cpp.o
[31/264] Building CXX object tests/verification/P06/CMakeFiles/p06_verify_scenarios.dir/scenario_contract.cpp.o
[32/264] Building CXX object tests/verification/P06/CMakeFiles/p06_verify_outcomes.dir/outcome_contract.cpp.o
[33/264] Building CXX object tests/verification/P06/CMakeFiles/p06_verify_admission.dir/admission_contract.cpp.o
[34/264] Building CXX object tests/verification/P06/CMakeFiles/p06_verify_timing.dir/timing_contract.cpp.o
[35/264] Building CXX object tests/verification/P06/CMakeFiles/p06_verify_allocation.dir/allocation_contract.cpp.o
[36/264] Building CXX object tests/verification/P06/CMakeFiles/p06_verify_query.dir/query_contract.cpp.o
[37/264] Building CXX object tests/integration/P06/CMakeFiles/p06_loopback_transaction.dir/chain.cpp.o
In file included from /Users/rklinkhammer/workspace/vrt_framework/tests/integration/P06/chain.cpp:1:
/Users/rklinkhammer/workspace/vrt_framework/tests/integration/P06/../../unit/P05/support.hpp:36:79: warning: missing field 'completion_credit' initializer [-Wmissing-field-initializers]
   36 |     return TxSubmission{std::move(storage),std::move(*ticket),{44,1},key,fault};
      |                                                                               ^
/Users/rklinkhammer/workspace/vrt_framework/tests/integration/P06/chain.cpp:31:369: warning: missing field 'completion_credit' initializer [-Wmissing-field-initializers]
   31 |         auto send=[&](memory::BufferLease lease,std::size_t length,CounterKey key,PeerSession peer,std::uint64_t operation){assert(lease.set_size(length));memory::TxStorage storage;assert(storage.append(std::move(lease),0,length));auto ticket=tickets.reserve(operation);assert(ticket);auto accepted=transport.try_send({std::move(storage),std::move(*ticket),peer,key,{}});assert(accepted);assert(transport.progress(*accepted));tickets.scan([&](CompletionRecord r) noexcept {assert(r.result.status==CompletionStatus::succeeded);++completions;});};
      |                                                                                                                                                                                                                                                                                                                                                                                 ^
2 warnings generated.
[38/264] Building CXX object tests/unit/P07/CMakeFiles/p07_transactions.dir/transactions.cpp.o
[39/264] Building CXX object tests/unit/P07/CMakeFiles/p07_controller.dir/controller.cpp.o
[40/264] Building CXX object tests/unit/P07/CMakeFiles/p07_timing.dir/timing.cpp.o
[41/264] Building CXX object tests/verification/P07/CMakeFiles/p07_verify_keys.dir/key_contract.cpp.o
[42/264] Building CXX object tests/verification/P07/CMakeFiles/p07_verify_retention.dir/retention_contract.cpp.o
[43/264] Building CXX object tests/verification/P07/CMakeFiles/p07_verify_controller.dir/controller_contract.cpp.o
[44/264] Building CXX object tests/verification/P07/CMakeFiles/p07_verify_manager.dir/manager_contract.cpp.o
[45/264] Building CXX object tests/verification/P07/CMakeFiles/p07_verify_timed_cancel.dir/timed_cancel.cpp.o
[46/264] Building CXX object tests/verification/P07/CMakeFiles/p07_verify_guard_race.dir/guard_race.cpp.o
[47/264] Building CXX object tests/unit/P09/CMakeFiles/p09_receiver.dir/receiver.cpp.o
[48/264] Building CXX object tests/verification/P09/CMakeFiles/p09_verify_history.dir/history_contract.cpp.o
[49/264] Building CXX object tests/verification/P07/CMakeFiles/p07_verify_admission.dir/admission_contract.cpp.o
[50/264] Building CXX object tests/unit/P09/CMakeFiles/p09_context.dir/context.cpp.o
[51/264] Building CXX object tests/verification/P09/CMakeFiles/p09_verify_revisions.dir/revision_contract.cpp.o
[52/264] Building CXX object tests/integration/P07/CMakeFiles/p07_loopback.dir/chain.cpp.o
In file included from /Users/rklinkhammer/workspace/vrt_framework/tests/integration/P07/chain.cpp:1:
/Users/rklinkhammer/workspace/vrt_framework/tests/integration/P07/../../unit/P05/support.hpp:36:79: warning: missing field 'completion_credit' initializer [-Wmissing-field-initializers]
   36 |     return TxSubmission{std::move(storage),std::move(*ticket),{44,1},key,fault};
      |                                                                               ^
/Users/rklinkhammer/workspace/vrt_framework/tests/integration/P07/chain.cpp:23:480: warning: missing field 'completion_credit' initializer [-Wmissing-field-initializers]
   23 |     auto send=[&](Bytes wire,CounterKey key,PeerSession peer){auto lease=tx.acquire({wire.size()});assert(lease);auto bytes=lease->writable_bytes();assert(bytes);std::copy(wire.begin(),wire.end(),bytes->begin());assert(lease->set_size(wire.size()));memory::TxStorage storage;assert(storage.append(std::move(*lease),0,wire.size()));auto completion=tickets.reserve(++submitted);assert(completion);auto token=transport.try_send({std::move(storage),std::move(*completion),peer,key,{}});assert(token);assert(transport.progress(*token));assert(tickets.scan([](CompletionRecord result) noexcept {assert(result.result.status==CompletionStatus::succeeded);})==1);};
      |                                                                                                                                                                                                                                                                                                                                                                                                                                                                                                ^
2 warnings generated.
[53/264] Building CXX object tests/verification/P09/CMakeFiles/p09_verify_receiver.dir/receiver_contract.cpp.o
[54/264] Building CXX object tests/verification/P09/CMakeFiles/p09_verify_publisher.dir/publisher_contract.cpp.o
[55/264] Building CXX object tests/verification/P09/CMakeFiles/p09_verify_context_wire.dir/context_wire.cpp.o
[56/264] Building CXX object tests/verification/P09/CMakeFiles/p09_verify_budget.dir/budget_contract.cpp.o
[57/264] Building CXX object tests/verification/P09/CMakeFiles/p09_verify_allocation.dir/allocation_contract.cpp.o
[58/264] Building CXX object tests/unit/P10/CMakeFiles/p10_source.dir/source.cpp.o
[59/264] Building CXX object tests/verification/P09/CMakeFiles/p09_verify_effects.dir/effects_contract.cpp.o
[60/264] Building CXX object tests/unit/P10/CMakeFiles/p10_lab.dir/lab.cpp.o
[61/264] Building CXX object tests/integration/P09/CMakeFiles/p09_effects.dir/effects.cpp.o
[62/264] Building CXX object tests/verification/P10/CMakeFiles/p10_verify_credit.dir/credit_contract.cpp.o
[63/264] Building CXX object tests/verification/P10/CMakeFiles/p10_verify_source.dir/source_contract.cpp.o
[64/264] Building CXX object tests/verification/P10/CMakeFiles/p10_verify_packetization.dir/packetization_contract.cpp.o
[65/264] Building CXX object tests/unit/P10/CMakeFiles/p10_budget.dir/budget.cpp.o
[66/264] Building CXX object tests/unit/P10/CMakeFiles/p10_runtime.dir/runtime.cpp.o
[67/264] Building CXX object tests/verification/P10/CMakeFiles/p10_verify_pacing.dir/pacing_contract.cpp.o
In file included from /Users/rklinkhammer/workspace/vrt_framework/tests/verification/P10/pacing_contract.cpp:1:
/Users/rklinkhammer/workspace/vrt_framework/tests/verification/P10/runtime_fixture.hpp:10:251: warning: missing field 'large' initializer [-Wmissing-field-initializers]
   10 | inline vita::ExternalPools external_pools(){return{external_pool(64,64),external_pool(2048,64),external_pool(64,64),external_pool(8192,32),external_pool(8192,8),external_pool(2048,64),external_pool(8192,32),external_pool(8192,8),external_pool(8192,8)};}
      |                                                                                                                                                                                                                                                           ^
1 warning generated.
[68/264] Building CXX object tests/verification/P10/CMakeFiles/p10_verify_mapping.dir/mapping_contract.cpp.o
In file included from /Users/rklinkhammer/workspace/vrt_framework/tests/verification/P10/mapping_contract.cpp:1:
/Users/rklinkhammer/workspace/vrt_framework/tests/verification/P10/runtime_fixture.hpp:10:251: warning: missing field 'large' initializer [-Wmissing-field-initializers]
   10 | inline vita::ExternalPools external_pools(){return{external_pool(64,64),external_pool(2048,64),external_pool(64,64),external_pool(8192,32),external_pool(8192,8),external_pool(2048,64),external_pool(8192,32),external_pool(8192,8),external_pool(8192,8)};}
      |                                                                                                                                                                                                                                                           ^
1 warning generated.
[69/264] Building CXX object tests/verification/P10/CMakeFiles/p10_verify_ownership.dir/ownership_contract.cpp.o
In file included from /Users/rklinkhammer/workspace/vrt_framework/tests/verification/P10/ownership_contract.cpp:1:
/Users/rklinkhammer/workspace/vrt_framework/tests/verification/P10/runtime_fixture.hpp:10:251: warning: missing field 'large' initializer [-Wmissing-field-initializers]
   10 | inline vita::ExternalPools external_pools(){return{external_pool(64,64),external_pool(2048,64),external_pool(64,64),external_pool(8192,32),external_pool(8192,8),external_pool(2048,64),external_pool(8192,32),external_pool(8192,8),external_pool(8192,8)};}
      |                                                                                                                                                                                                                                                           ^
1 warning generated.
[70/264] Building CXX object tests/verification/P10/CMakeFiles/p10_verify_allocation.dir/allocation_contract.cpp.o
In file included from /Users/rklinkhammer/workspace/vrt_framework/tests/verification/P10/allocation_contract.cpp:1:
/Users/rklinkhammer/workspace/vrt_framework/tests/verification/P10/runtime_fixture.hpp:10:251: warning: missing field 'large' initializer [-Wmissing-field-initializers]
   10 | inline vita::ExternalPools external_pools(){return{external_pool(64,64),external_pool(2048,64),external_pool(64,64),external_pool(8192,32),external_pool(8192,8),external_pool(2048,64),external_pool(8192,32),external_pool(8192,8),external_pool(8192,8)};}
      |                                                                                                                                                                                                                                                           ^
1 warning generated.
[71/264] Building CXX object tests/verification/P10/CMakeFiles/p10_verify_clock_scenarios.dir/clock_scenarios.cpp.o
In file included from /Users/rklinkhammer/workspace/vrt_framework/tests/verification/P10/clock_scenarios.cpp:1:
/Users/rklinkhammer/workspace/vrt_framework/tests/verification/P10/runtime_fixture.hpp:10:251: warning: missing field 'large' initializer [-Wmissing-field-initializers]
   10 | inline vita::ExternalPools external_pools(){return{external_pool(64,64),external_pool(2048,64),external_pool(64,64),external_pool(8192,32),external_pool(8192,8),external_pool(2048,64),external_pool(8192,32),external_pool(8192,8),external_pool(8192,8)};}
      |                                                                                                                                                                                                                                                           ^
1 warning generated.
[72/264] Building CXX object tests/verification/P10/CMakeFiles/p10_verify_rate.dir/rate_contract.cpp.o
In file included from /Users/rklinkhammer/workspace/vrt_framework/tests/verification/P10/rate_contract.cpp:1:
/Users/rklinkhammer/workspace/vrt_framework/tests/verification/P10/runtime_fixture.hpp:10:251: warning: missing field 'large' initializer [-Wmissing-field-initializers]
   10 | inline vita::ExternalPools external_pools(){return{external_pool(64,64),external_pool(2048,64),external_pool(64,64),external_pool(8192,32),external_pool(8192,8),external_pool(2048,64),external_pool(8192,32),external_pool(8192,8),external_pool(8192,8)};}
      |                                                                                                                                                                                                                                                           ^
1 warning generated.
[73/264] Building CXX object tests/verification/P10/CMakeFiles/p10_verify_provider.dir/provider_contract.cpp.o
In file included from /Users/rklinkhammer/workspace/vrt_framework/tests/verification/P10/provider_contract.cpp:1:
/Users/rklinkhammer/workspace/vrt_framework/tests/verification/P10/runtime_fixture.hpp:10:251: warning: missing field 'large' initializer [-Wmissing-field-initializers]
   10 | inline vita::ExternalPools external_pools(){return{external_pool(64,64),external_pool(2048,64),external_pool(64,64),external_pool(8192,32),external_pool(8192,8),external_pool(2048,64),external_pool(8192,32),external_pool(8192,8),external_pool(8192,8)};}
      |                                                                                                                                                                                                                                                           ^
1 warning generated.
[74/264] Building CXX object tests/verification/P10/CMakeFiles/p10_verify_callback.dir/callback_contract.cpp.o
In file included from /Users/rklinkhammer/workspace/vrt_framework/tests/verification/P10/callback_contract.cpp:1:
/Users/rklinkhammer/workspace/vrt_framework/tests/verification/P10/runtime_fixture.hpp:10:251: warning: missing field 'large' initializer [-Wmissing-field-initializers]
   10 | inline vita::ExternalPools external_pools(){return{external_pool(64,64),external_pool(2048,64),external_pool(64,64),external_pool(8192,32),external_pool(8192,8),external_pool(2048,64),external_pool(8192,32),external_pool(8192,8),external_pool(8192,8)};}
      |                                                                                                                                                                                                                                                           ^
1 warning generated.
[75/264] Building CXX object tests/verification/P10/CMakeFiles/p10_verify_reference.dir/reference_contract.cpp.o
[76/264] Building CXX object tests/verification/P10/CMakeFiles/p10_verify_wait.dir/wait_contract.cpp.o
In file included from /Users/rklinkhammer/workspace/vrt_framework/tests/verification/P10/wait_contract.cpp:1:
/Users/rklinkhammer/workspace/vrt_framework/tests/verification/P10/runtime_fixture.hpp:10:251: warning: missing field 'large' initializer [-Wmissing-field-initializers]
   10 | inline vita::ExternalPools external_pools(){return{external_pool(64,64),external_pool(2048,64),external_pool(64,64),external_pool(8192,32),external_pool(8192,8),external_pool(2048,64),external_pool(8192,32),external_pool(8192,8),external_pool(8192,8)};}
      |                                                                                                                                                                                                                                                           ^
1 warning generated.
[77/264] Building CXX object tests/unit/P11/CMakeFiles/p11_transactions.dir/transactions.cpp.o
[78/264] Building CXX object tests/unit/P11/CMakeFiles/p11_runtime.dir/runtime.cpp.o
[79/264] Building CXX object tests/verification/P11/CMakeFiles/p11_verify_engine.dir/engine_contract.cpp.o
[80/264] Building CXX object tests/verification/P11/CMakeFiles/p11_verify_manager.dir/manager_contract.cpp.o
[81/264] Building CXX object tests/verification/P11/CMakeFiles/p11_verify_recovery.dir/recovery_contract.cpp.o
In file included from /Users/rklinkhammer/workspace/vrt_framework/tests/verification/P11/recovery_contract.cpp:1:
/Users/rklinkhammer/workspace/vrt_framework/tests/verification/P11/../P10/runtime_fixture.hpp:10:251: warning: missing field 'large' initializer [-Wmissing-field-initializers]
   10 | inline vita::ExternalPools external_pools(){return{external_pool(64,64),external_pool(2048,64),external_pool(64,64),external_pool(8192,32),external_pool(8192,8),external_pool(2048,64),external_pool(8192,32),external_pool(8192,8),external_pool(8192,8)};}
      |                                                                                                                                                                                                                                                           ^
/Users/rklinkhammer/workspace/vrt_framework/tests/verification/P11/recovery_contract.cpp:38:118: warning: missing field 'clock' initializer [-Wmissing-field-initializers]
   38 |   Reinit reinit;Completion completion;RecoveryConfig recovery{4,device->confirmed_state(),true,&reinit,Reinit::invoke};recovery.confirmed_state.fields[0].value=std::uint32_t{4};
      |                                                                                                                      ^
/Users/rklinkhammer/workspace/vrt_framework/tests/verification/P11/recovery_contract.cpp:51:82: warning: missing field 'clock' initializer [-Wmissing-field-initializers]
   51 |   RecoveryConfig recovery{4,device->confirmed_state(),true,&reinit,Reinit::invoke};recovery.confirmed_state.fields[0].value=std::uint32_t{4};
      |                                                                                  ^
3 warnings generated.
[82/264] Building CXX object tests/verification/P11/CMakeFiles/p11_verify_scenarios.dir/scenarios.cpp.o
In file included from /Users/rklinkhammer/workspace/vrt_framework/tests/verification/P11/scenarios.cpp:1:
/Users/rklinkhammer/workspace/vrt_framework/tests/verification/P11/../P10/runtime_fixture.hpp:10:251: warning: missing field 'large' initializer [-Wmissing-field-initializers]
   10 | inline vita::ExternalPools external_pools(){return{external_pool(64,64),external_pool(2048,64),external_pool(64,64),external_pool(8192,32),external_pool(8192,8),external_pool(2048,64),external_pool(8192,32),external_pool(8192,8),external_pool(8192,8)};}
      |                                                                                                                                                                                                                                                           ^
/Users/rklinkhammer/workspace/vrt_framework/tests/verification/P11/scenarios.cpp:19:84: warning: missing field 'clock' initializer [-Wmissing-field-initializers]
   19 |  const auto stopped_count=receiver.packets;RecoveryConfig recovery{1,confirmed,true};
      |                                                                                    ^
2 warnings generated.
[83/264] Building CXX object tests/verification/P11/CMakeFiles/p11_verify_banks.dir/banks_contract.cpp.o
In file included from /Users/rklinkhammer/workspace/vrt_framework/tests/verification/P11/banks_contract.cpp:1:
/Users/rklinkhammer/workspace/vrt_framework/tests/verification/P11/../P10/runtime_fixture.hpp:10:251: warning: missing field 'large' initializer [-Wmissing-field-initializers]
   10 | inline vita::ExternalPools external_pools(){return{external_pool(64,64),external_pool(2048,64),external_pool(64,64),external_pool(8192,32),external_pool(8192,8),external_pool(2048,64),external_pool(8192,32),external_pool(8192,8),external_pool(8192,8)};}
      |                                                                                                                                                                                                                                                           ^
/Users/rklinkhammer/workspace/vrt_framework/tests/verification/P11/banks_contract.cpp:6:119: warning: missing field 'clock' initializer [-Wmissing-field-initializers]
    6 |   for(unsigned iteration=0;iteration<6;++iteration){RecoveryConfig recovery{4+iteration,device->confirmed_state(),true};recovery.confirmed_state.fields[0].value=std::uint32_t{4+iteration};if(!device->recover(recovery))return 3;
      |                                                                                                                       ^
/Users/rklinkhammer/workspace/vrt_framework/tests/verification/P11/banks_contract.cpp:14:59: warning: missing field 'clock' initializer [-Wmissing-field-initializers]
   14 |   RecoveryConfig recovery{4,device->confirmed_state(),true};recovery.confirmed_state.fields[0].value=std::uint32_t{4};if(!device->recover(recovery))return 10;
      |                                                           ^
3 warnings generated.
[84/264] Building CXX object tests/verification/P11/CMakeFiles/p11_verify_continuity.dir/continuity_contract.cpp.o
In file included from /Users/rklinkhammer/workspace/vrt_framework/tests/verification/P11/continuity_contract.cpp:1:
/Users/rklinkhammer/workspace/vrt_framework/tests/verification/P11/../P10/runtime_fixture.hpp:10:251: warning: missing field 'large' initializer [-Wmissing-field-initializers]
   10 | inline vita::ExternalPools external_pools(){return{external_pool(64,64),external_pool(2048,64),external_pool(64,64),external_pool(8192,32),external_pool(8192,8),external_pool(2048,64),external_pool(8192,32),external_pool(8192,8),external_pool(8192,8)};}
      |                                                                                                                                                                                                                                                           ^
/Users/rklinkhammer/workspace/vrt_framework/tests/verification/P11/continuity_contract.cpp:6:58: warning: missing field 'clock' initializer [-Wmissing-field-initializers]
    6 |  RecoveryConfig recovery{4,device->confirmed_state(),true};recovery.confirmed_state.fields[0].value=std::uint32_t{4};if(!device->recover(recovery))return 3;
      |                                                          ^
2 warnings generated.
[85/264] Building CXX object tests/verification/P11/CMakeFiles/p11_verify_shutdown.dir/shutdown_contract.cpp.o
In file included from /Users/rklinkhammer/workspace/vrt_framework/tests/verification/P11/shutdown_contract.cpp:1:
/Users/rklinkhammer/workspace/vrt_framework/tests/verification/P11/../P10/runtime_fixture.hpp:10:251: warning: missing field 'large' initializer [-Wmissing-field-initializers]
   10 | inline vita::ExternalPools external_pools(){return{external_pool(64,64),external_pool(2048,64),external_pool(64,64),external_pool(8192,32),external_pool(8192,8),external_pool(2048,64),external_pool(8192,32),external_pool(8192,8),external_pool(8192,8)};}
      |                                                                                                                                                                                                                                                           ^
1 warning generated.
[86/264] Building CXX object tests/verification/P11/CMakeFiles/p11_verify_leases.dir/lease_contract.cpp.o
In file included from /Users/rklinkhammer/workspace/vrt_framework/tests/verification/P11/lease_contract.cpp:1:
/Users/rklinkhammer/workspace/vrt_framework/tests/verification/P11/../P10/runtime_fixture.hpp:10:251: warning: missing field 'large' initializer [-Wmissing-field-initializers]
   10 | inline vita::ExternalPools external_pools(){return{external_pool(64,64),external_pool(2048,64),external_pool(64,64),external_pool(8192,32),external_pool(8192,8),external_pool(2048,64),external_pool(8192,32),external_pool(8192,8),external_pool(8192,8)};}
      |                                                                                                                                                                                                                                                           ^
/Users/rklinkhammer/workspace/vrt_framework/tests/verification/P11/lease_contract.cpp:12:59: warning: missing field 'clock' initializer [-Wmissing-field-initializers]
   12 |   RecoveryConfig recovery{4,device->confirmed_state(),true};recovery.confirmed_state.fields[0].value=std::uint32_t{4};if(!device->recover(recovery))return 3;
      |                                                           ^
2 warnings generated.
[87/264] Building CXX object tests/verification/P11/CMakeFiles/p11_verify_allocation.dir/allocation_contract.cpp.o
In file included from /Users/rklinkhammer/workspace/vrt_framework/tests/verification/P11/allocation_contract.cpp:1:
/Users/rklinkhammer/workspace/vrt_framework/tests/verification/P11/../P10/runtime_fixture.hpp:10:251: warning: missing field 'large' initializer [-Wmissing-field-initializers]
   10 | inline vita::ExternalPools external_pools(){return{external_pool(64,64),external_pool(2048,64),external_pool(64,64),external_pool(8192,32),external_pool(8192,8),external_pool(2048,64),external_pool(8192,32),external_pool(8192,8),external_pool(8192,8)};}
      |                                                                                                                                                                                                                                                           ^
/Users/rklinkhammer/workspace/vrt_framework/tests/verification/P11/allocation_contract.cpp:13:58: warning: missing field 'clock' initializer [-Wmissing-field-initializers]
   13 |  RecoveryConfig recovery{4,device->confirmed_state(),true};recovery.confirmed_state.fields[0].value=std::uint32_t{4};const auto before=allocations;
      |                                                          ^
2 warnings generated.
[88/264] Building CXX object tests/verification/P11/CMakeFiles/p11_verify_timed.dir/timed_contract.cpp.o
[89/264] Building CXX object tests/unit/P12/CMakeFiles/p12_socket.dir/socket.cpp.o
[90/264] Building CXX object tests/verification/P11/CMakeFiles/p11_verify_late.dir/late_contract.cpp.o
In file included from /Users/rklinkhammer/workspace/vrt_framework/tests/verification/P11/late_contract.cpp:1:
/Users/rklinkhammer/workspace/vrt_framework/tests/verification/P11/../P10/runtime_fixture.hpp:10:251: warning: missing field 'large' initializer [-Wmissing-field-initializers]
   10 | inline vita::ExternalPools external_pools(){return{external_pool(64,64),external_pool(2048,64),external_pool(64,64),external_pool(8192,32),external_pool(8192,8),external_pool(2048,64),external_pool(8192,32),external_pool(8192,8),external_pool(8192,8)};}
      |                                                                                                                                                                                                                                                           ^
/Users/rklinkhammer/workspace/vrt_framework/tests/verification/P11/late_contract.cpp:6:42: warning: missing field 'clock' initializer [-Wmissing-field-initializers]
    6 |  RecoveryConfig recovery{4,confirmed,true};recovery.confirmed_state.fields[0].value=std::uint32_t{4};if(!device->recover(recovery))return 6;
      |                                          ^
2 warnings generated.
[91/264] Building CXX object tests/unit/P12/CMakeFiles/p12_adapter.dir/adapter.cpp.o
[92/264] Building CXX object tests/verification/P12/CMakeFiles/p12_verify_framing.dir/framing_contract.cpp.o
In file included from /Users/rklinkhammer/workspace/vrt_framework/tests/verification/P12/framing_contract.cpp:2:
/Users/rklinkhammer/workspace/vrt_framework/tests/verification/P12/../P10/runtime_fixture.hpp:10:251: warning: missing field 'large' initializer [-Wmissing-field-initializers]
   10 | inline vita::ExternalPools external_pools(){return{external_pool(64,64),external_pool(2048,64),external_pool(64,64),external_pool(8192,32),external_pool(8192,8),external_pool(2048,64),external_pool(8192,32),external_pool(8192,8),external_pool(8192,8)};}
      |                                                                                                                                                                                                                                                           ^
1 warning generated.
[93/264] Building CXX object tests/unit/P12/CMakeFiles/p12_binding.dir/binding.cpp.o
[94/264] Building CXX object tests/verification/P12/CMakeFiles/p12_verify_factory.dir/factory_contract.cpp.o
In file included from /Users/rklinkhammer/workspace/vrt_framework/tests/verification/P12/factory_contract.cpp:1:
/Users/rklinkhammer/workspace/vrt_framework/tests/verification/P12/../P10/runtime_fixture.hpp:10:251: warning: missing field 'large' initializer [-Wmissing-field-initializers]
   10 | inline vita::ExternalPools external_pools(){return{external_pool(64,64),external_pool(2048,64),external_pool(64,64),external_pool(8192,32),external_pool(8192,8),external_pool(2048,64),external_pool(8192,32),external_pool(8192,8),external_pool(8192,8)};}
      |                                                                                                                                                                                                                                                           ^
1 warning generated.
[95/264] Building CXX object tests/unit/P12/CMakeFiles/p12_runtime_binding.dir/runtime_binding.cpp.o
[96/264] Building CXX object tests/verification/P12/CMakeFiles/p12_verify_socket.dir/socket_contract.cpp.o
In file included from /Users/rklinkhammer/workspace/vrt_framework/tests/verification/P12/socket_contract.cpp:1:
In file included from /Users/rklinkhammer/workspace/vrt_framework/tests/verification/P12/fixture.hpp:3:
/Users/rklinkhammer/workspace/vrt_framework/tests/verification/P12/../P10/runtime_fixture.hpp:10:251: warning: missing field 'large' initializer [-Wmissing-field-initializers]
   10 | inline vita::ExternalPools external_pools(){return{external_pool(64,64),external_pool(2048,64),external_pool(64,64),external_pool(8192,32),external_pool(8192,8),external_pool(2048,64),external_pool(8192,32),external_pool(8192,8),external_pool(8192,8)};}
      |                                                                                                                                                                                                                                                           ^
/Users/rklinkhammer/workspace/vrt_framework/tests/verification/P12/socket_contract.cpp:13:258: warning: missing field 'completion_credit' initializer [-Wmissing-field-initializers]
   13 |   auto txpool=verify_p10::external_pool(64,4);CompletionArena<2> tickets;auto ticket=tickets.reserve(1);if(!ticket)return 7;auto submitted=adapter.try_send({storage(txpool,verify_p12::signal),std::move(*ticket),{7,1},{7,0x01020304,codec::PacketType::signal}});if(!submitted||!adapter.outstanding(*submitted)||tickets.consume(0))return 8;
      |                                                                                                                                                                                                                                                                  ^
2 warnings generated.
[97/264] Building CXX object tests/verification/P12/CMakeFiles/p12_verify_receive.dir/receive_contract.cpp.o
In file included from /Users/rklinkhammer/workspace/vrt_framework/tests/verification/P12/receive_contract.cpp:1:
In file included from /Users/rklinkhammer/workspace/vrt_framework/tests/verification/P12/fixture.hpp:3:
/Users/rklinkhammer/workspace/vrt_framework/tests/verification/P12/../P10/runtime_fixture.hpp:10:251: warning: missing field 'large' initializer [-Wmissing-field-initializers]
   10 | inline vita::ExternalPools external_pools(){return{external_pool(64,64),external_pool(2048,64),external_pool(64,64),external_pool(8192,32),external_pool(8192,8),external_pool(2048,64),external_pool(8192,32),external_pool(8192,8),external_pool(8192,8)};}
      |                                                                                                                                                                                                                                                           ^
1 warning generated.
[98/264] Building CXX object tests/verification/P12/CMakeFiles/p12_verify_isolation.dir/isolation_contract.cpp.o
In file included from /Users/rklinkhammer/workspace/vrt_framework/tests/verification/P12/isolation_contract.cpp:1:
In file included from /Users/rklinkhammer/workspace/vrt_framework/tests/verification/P12/fixture.hpp:3:
/Users/rklinkhammer/workspace/vrt_framework/tests/verification/P12/../P10/runtime_fixture.hpp:10:251: warning: missing field 'large' initializer [-Wmissing-field-initializers]
   10 | inline vita::ExternalPools external_pools(){return{external_pool(64,64),external_pool(2048,64),external_pool(64,64),external_pool(8192,32),external_pool(8192,8),external_pool(2048,64),external_pool(8192,32),external_pool(8192,8),external_pool(8192,8)};}
      |                                                                                                                                                                                                                                                           ^
/Users/rklinkhammer/workspace/vrt_framework/tests/verification/P12/isolation_contract.cpp:5:231: warning: missing field 'completion_credit' initializer [-Wmissing-field-initializers]
    5 |  for(unsigned i=0;i<6;++i){auto bytes=verify_p12::signal;bytes[1]=std::byte(i);auto ticket=tickets.reserve(i+1);if(!ticket||!adapter.try_send({storage(txpool,bytes),std::move(*ticket),{7,1},{7,0x01020304,codec::PacketType::signal}}))return 3;}
      |                                                                                                                                                                                                                                       ^
/Users/rklinkhammer/workspace/vrt_framework/tests/verification/P12/isolation_contract.cpp:6:251: warning: missing field 'completion_credit' initializer [-Wmissing-field-initializers]
    6 |  auto bytes=verify_p12::signal;bytes[1]=std::byte{6};auto rejected_ticket=tickets.reserve(7);if(!rejected_ticket)return 4;auto rejected=adapter.try_send({storage(txpool,bytes),std::move(*rejected_ticket),{7,1},{7,0x01020304,codec::PacketType::signal}});if(rejected||!rejected.error().submission.completion.is_reserved()||rejected.error().submission.storage.byte_size()!=16)return 5;
      |                                                                                                                                                                                                                                                           ^
/Users/rklinkhammer/workspace/vrt_framework/tests/verification/P12/isolation_contract.cpp:8:229: warning: missing field 'completion_credit' initializer [-Wmissing-field-initializers]
    8 |  for(bool cancel:{false,true}){auto ticket=tickets.reserve(cancel?9:8);auto bytes=command(cancel,cancel?1:0);if(!ticket||!adapter.try_send({storage(txpool,bytes),std::move(*ticket),{7,1},{7,0x01020304,codec::PacketType::command}}))return 7;}
      |                                                                                                                                                                                                                                     ^
4 warnings generated.
[99/264] Building CXX object tests/verification/P12/CMakeFiles/p12_verify_mtu.dir/mtu_contract.cpp.o
In file included from /Users/rklinkhammer/workspace/vrt_framework/tests/verification/P12/mtu_contract.cpp:1:
In file included from /Users/rklinkhammer/workspace/vrt_framework/tests/verification/P12/fixture.hpp:3:
/Users/rklinkhammer/workspace/vrt_framework/tests/verification/P12/../P10/runtime_fixture.hpp:10:251: warning: missing field 'large' initializer [-Wmissing-field-initializers]
   10 | inline vita::ExternalPools external_pools(){return{external_pool(64,64),external_pool(2048,64),external_pool(64,64),external_pool(8192,32),external_pool(8192,8),external_pool(2048,64),external_pool(8192,32),external_pool(8192,8),external_pool(8192,8)};}
      |                                                                                                                                                                                                                                                           ^
/Users/rklinkhammer/workspace/vrt_framework/tests/verification/P12/mtu_contract.cpp:5:216: warning: missing field 'completion_credit' initializer [-Wmissing-field-initializers]
    5 |  set_length(maximum+4);auto ticket=tickets.reserve(1);if(!ticket)return 4;auto rejected=adapter.try_send({storage(pool,Bytes{bytes}.first(maximum+4)),std::move(*ticket),{7,1},{7,0x01020304,codec::PacketType::signal}});if(rejected||rejected.error().error.code!=ErrorCode::short_output||!rejected.error().submission.completion.is_reserved()||admission.used(Resource::completion))return 5;
      |                                                                                                                                                                                                                        ^
/Users/rklinkhammer/workspace/vrt_framework/tests/verification/P12/mtu_contract.cpp:9:239: warning: missing field 'completion_credit' initializer [-Wmissing-field-initializers]
    9 |  set_length(maximum);auto accepted_ticket=tickets.reserve(2);if(!accepted_ticket)return 7;auto accepted=adapter.try_send({storage(pool,Bytes{bytes}.first(maximum)),std::move(*accepted_ticket),{7,1},{7,0x01020304,codec::PacketType::signal}});if(!accepted)return 8;for(unsigned n=0;n<6&&adapter.outstanding(*accepted);++n)if(!adapter.progress_next())return 9;
      |                                                                                                                                                                                                                                               ^
3 warnings generated.
[100/264] Building CXX object tests/verification/P12/CMakeFiles/p12_verify_rx_isolation.dir/rx_isolation.cpp.o
In file included from /Users/rklinkhammer/workspace/vrt_framework/tests/verification/P12/rx_isolation.cpp:1:
In file included from /Users/rklinkhammer/workspace/vrt_framework/tests/verification/P12/fixture.hpp:3:
/Users/rklinkhammer/workspace/vrt_framework/tests/verification/P12/../P10/runtime_fixture.hpp:10:251: warning: missing field 'large' initializer [-Wmissing-field-initializers]
   10 | inline vita::ExternalPools external_pools(){return{external_pool(64,64),external_pool(2048,64),external_pool(64,64),external_pool(8192,32),external_pool(8192,8),external_pool(2048,64),external_pool(8192,32),external_pool(8192,8),external_pool(8192,8)};}
      |                                                                                                                                                                                                                                                           ^
1 warning generated.
[101/264] Building CXX object tests/verification/P12/CMakeFiles/p12_verify_cycle.dir/cycle_contract.cpp.o
In file included from /Users/rklinkhammer/workspace/vrt_framework/tests/verification/P12/cycle_contract.cpp:1:
In file included from /Users/rklinkhammer/workspace/vrt_framework/tests/verification/P12/fixture.hpp:3:
/Users/rklinkhammer/workspace/vrt_framework/tests/verification/P12/../P10/runtime_fixture.hpp:10:251: warning: missing field 'large' initializer [-Wmissing-field-initializers]
   10 | inline vita::ExternalPools external_pools(){return{external_pool(64,64),external_pool(2048,64),external_pool(64,64),external_pool(8192,32),external_pool(8192,8),external_pool(2048,64),external_pool(8192,32),external_pool(8192,8),external_pool(8192,8)};}
      |                                                                                                                                                                                                                                                           ^
/Users/rklinkhammer/workspace/vrt_framework/tests/verification/P12/cycle_contract.cpp:4:235: warning: missing field 'completion_credit' initializer [-Wmissing-field-initializers]
    4 |  for(unsigned n=0;n<65;++n){auto bytes=verify_p12::signal;bytes[1]=std::byte(n%16);auto ticket=tickets.reserve(n+1);if(!ticket||!adapter.try_send({storage(txpool,bytes),std::move(*ticket),{7,1},{7,0x01020304,codec::PacketType::signal}}))return 3;}
      |                                                                                                                                                                                                                                           ^
/Users/rklinkhammer/workspace/vrt_framework/tests/verification/P12/cycle_contract.cpp:5:495: warning: missing field 'completion_credit' initializer [-Wmissing-field-initializers]
    5 |  for(unsigned n=0;n<33;++n){const bool cancel=n%2;std::array<std::byte,20> bytes{};bytes[0]=std::byte(cancel?0x61:0x60);bytes[1]=std::byte(n%16);bytes[3]=std::byte{5};bytes[4]=std::byte{1};bytes[5]=std::byte{2};bytes[6]=std::byte{3};bytes[7]=std::byte{4};bytes[8]=std::byte(cancel?9:1);bytes[9]=std::byte(cancel?8:0);bytes[15]=std::byte{42};auto ticket=tickets.reserve(n+66);if(!ticket||!adapter.try_send({storage(txpool,bytes),std::move(*ticket),{7,1},{7,0x01020304,codec::PacketType::command}}))return 4;}
      |                                                                                                                                                                                                                                                                                                                                                                                                                                                                                                               ^
3 warnings generated.
[102/264] Building CXX object tests/verification/P12/CMakeFiles/p12_verify_allocation.dir/allocation_contract.cpp.o
In file included from /Users/rklinkhammer/workspace/vrt_framework/tests/verification/P12/allocation_contract.cpp:1:
In file included from /Users/rklinkhammer/workspace/vrt_framework/tests/verification/P12/fixture.hpp:3:
/Users/rklinkhammer/workspace/vrt_framework/tests/verification/P12/../P10/runtime_fixture.hpp:10:251: warning: missing field 'large' initializer [-Wmissing-field-initializers]
   10 | inline vita::ExternalPools external_pools(){return{external_pool(64,64),external_pool(2048,64),external_pool(64,64),external_pool(8192,32),external_pool(8192,8),external_pool(2048,64),external_pool(8192,32),external_pool(8192,8),external_pool(8192,8)};}
      |                                                                                                                                                                                                                                                           ^
/Users/rklinkhammer/workspace/vrt_framework/tests/verification/P12/allocation_contract.cpp:13:255: warning: missing field 'completion_credit' initializer [-Wmissing-field-initializers]
   13 |  for(unsigned n=0;n<100;++n){auto bytes=verify_p12::signal;bytes[1]=std::byte(n%16);auto ticket=tickets.reserve(n+1);if(!ticket)return 3;auto token=(*made)->try_send({storage(txpool,bytes),std::move(*ticket),{7,1},{7,0x01020304,codec::PacketType::signal}});if(!token)return 4;(*made)->begin_cycle();for(unsigned j=0;j<6&&(*made)->outstanding(*token);++j)if(!(*made)->progress_next())return 5;auto completed=tickets.consume(0);if(!completed||completed->result.status!=CompletionStatus::succeeded)return 6;std::array<std::byte,64> received{};if(peer.receive(received)!=16)return 7;}
      |                                                                                                                                                                                                                                                               ^
2 warnings generated.
[103/264] Building CXX object tests/verification/P12/CMakeFiles/p12_verify_callback.dir/callback_contract.cpp.o
In file included from /Users/rklinkhammer/workspace/vrt_framework/tests/verification/P12/callback_contract.cpp:1:
In file included from /Users/rklinkhammer/workspace/vrt_framework/tests/verification/P12/fixture.hpp:3:
/Users/rklinkhammer/workspace/vrt_framework/tests/verification/P12/../P10/runtime_fixture.hpp:10:251: warning: missing field 'large' initializer [-Wmissing-field-initializers]
   10 | inline vita::ExternalPools external_pools(){return{external_pool(64,64),external_pool(2048,64),external_pool(64,64),external_pool(8192,32),external_pool(8192,8),external_pool(2048,64),external_pool(8192,32),external_pool(8192,8),external_pool(8192,8)};}
      |                                                                                                                                                                                                                                                           ^
/Users/rklinkhammer/workspace/vrt_framework/tests/verification/P12/callback_contract.cpp:6:460: warning: missing field 'completion_credit' initializer [-Wmissing-field-initializers]
    6 |  static void receive(void*p,const codec::PacketView&,const memory::RxEnvelope&)noexcept{auto& c=*static_cast<Callback*>(p);c.called=true;auto nested=c.adapter->progress_next();c.nested_rejected=!nested&&nested.error().code==ErrorCode::would_deadlock;c.adapter->begin_cycle();auto token=c.ticket.reserve(1);if(!token)return;auto accepted=c.adapter->try_send({storage(c.txpool,verify_p12::signal),std::move(*token),{7,1},{7,0x01020304,codec::PacketType::signal}});c.queued=bool(accepted);}
      |                                                                                                                                                                                                                                                                                                                                                                                                                                                                            ^
2 warnings generated.
[104/264] Building CXX object tests/unit/P13/CMakeFiles/p13_hooks.dir/hooks.cpp.o
[105/264] Building CXX object tests/unit/P13/CMakeFiles/p13_peer_capture.dir/peer_capture.cpp.o
[106/264] Building CXX object tests/verification/P12/CMakeFiles/p12_verify_runtime.dir/runtime_contract.cpp.o
In file included from /Users/rklinkhammer/workspace/vrt_framework/tests/verification/P12/runtime_contract.cpp:1:
In file included from /Users/rklinkhammer/workspace/vrt_framework/tests/verification/P12/fixture.hpp:3:
/Users/rklinkhammer/workspace/vrt_framework/tests/verification/P12/../P10/runtime_fixture.hpp:10:251: warning: missing field 'large' initializer [-Wmissing-field-initializers]
   10 | inline vita::ExternalPools external_pools(){return{external_pool(64,64),external_pool(2048,64),external_pool(64,64),external_pool(8192,32),external_pool(8192,8),external_pool(2048,64),external_pool(8192,32),external_pool(8192,8),external_pool(8192,8)};}
      |                                                                                                                                                                                                                                                           ^
1 warning generated.
[107/264] Building CXX object tests/unit/P13/CMakeFiles/p13_retention_occupancy.dir/retention_occupancy.cpp.o
[108/264] Building CXX object tests/unit/P13/CMakeFiles/p13_payload_modes.dir/payload_modes.cpp.o
[109/264] Building CXX object tests/verification/P13/CMakeFiles/p13_verify_ring.dir/ring_contract.cpp.o
[110/264] Building CXX object tests/verification/P13/CMakeFiles/p13_verify_ingress.dir/ingress_contract.cpp.o
In file included from /Users/rklinkhammer/workspace/vrt_framework/tests/verification/P13/ingress_contract.cpp:1:
In file included from /Users/rklinkhammer/workspace/vrt_framework/tests/verification/P13/../P12/fixture.hpp:3:
/Users/rklinkhammer/workspace/vrt_framework/tests/verification/P13/../P12/../P10/runtime_fixture.hpp:10:251: warning: missing field 'large' initializer [-Wmissing-field-initializers]
   10 | inline vita::ExternalPools external_pools(){return{external_pool(64,64),external_pool(2048,64),external_pool(64,64),external_pool(8192,32),external_pool(8192,8),external_pool(2048,64),external_pool(8192,32),external_pool(8192,8),external_pool(8192,8)};}
      |                                                                                                                                                                                                                                                           ^
1 warning generated.
[111/264] Building CXX object tests/verification/P13/CMakeFiles/p13_verify_trace.dir/trace_contract.cpp.o
[112/264] Building CXX object tests/verification/P13/CMakeFiles/p13_verify_retention_index.dir/retention_index_contract.cpp.o
[113/264] Building CXX object tests/verification/P13/CMakeFiles/p13_verify_late_capture.dir/late_capture_contract.cpp.o
[114/264] Building CXX object tests/verification/P13/CMakeFiles/p13_verify_payload.dir/payload_contract.cpp.o
In file included from /Users/rklinkhammer/workspace/vrt_framework/tests/verification/P13/payload_contract.cpp:3:
/Users/rklinkhammer/workspace/vrt_framework/tests/verification/P13/../P10/runtime_fixture.hpp:10:251: warning: missing field 'large' initializer [-Wmissing-field-initializers]
   10 | inline vita::ExternalPools external_pools(){return{external_pool(64,64),external_pool(2048,64),external_pool(64,64),external_pool(8192,32),external_pool(8192,8),external_pool(2048,64),external_pool(8192,32),external_pool(8192,8),external_pool(8192,8)};}
      |                                                                                                                                                                                                                                                           ^
1 warning generated.
[115/264] Building CXX object tests/verification/P13/CMakeFiles/p13_verify_runtime_trace.dir/runtime_trace.cpp.o
In file included from /Users/rklinkhammer/workspace/vrt_framework/tests/verification/P13/runtime_trace.cpp:1:
/Users/rklinkhammer/workspace/vrt_framework/tests/verification/P13/../P10/runtime_fixture.hpp:10:251: warning: missing field 'large' initializer [-Wmissing-field-initializers]
   10 | inline vita::ExternalPools external_pools(){return{external_pool(64,64),external_pool(2048,64),external_pool(64,64),external_pool(8192,32),external_pool(8192,8),external_pool(2048,64),external_pool(8192,32),external_pool(8192,8),external_pool(8192,8)};}
      |                                                                                                                                                                                                                                                           ^
1 warning generated.
[116/264] Building CXX object tests/verification/P13/CMakeFiles/p13_verify_pressure.dir/pressure_contract.cpp.o
In file included from /Users/rklinkhammer/workspace/vrt_framework/tests/verification/P13/pressure_contract.cpp:1:
/Users/rklinkhammer/workspace/vrt_framework/tests/verification/P13/../P10/runtime_fixture.hpp:10:251: warning: missing field 'large' initializer [-Wmissing-field-initializers]
   10 | inline vita::ExternalPools external_pools(){return{external_pool(64,64),external_pool(2048,64),external_pool(64,64),external_pool(8192,32),external_pool(8192,8),external_pool(2048,64),external_pool(8192,32),external_pool(8192,8),external_pool(8192,8)};}
      |                                                                                                                                                                                                                                                           ^
1 warning generated.
[117/264] Building CXX object tests/verification/P13/CMakeFiles/p13_verify_receiver_wire.dir/receiver_wire_contract.cpp.o
In file included from /Users/rklinkhammer/workspace/vrt_framework/tests/verification/P13/receiver_wire_contract.cpp:1:
In file included from /Users/rklinkhammer/workspace/vrt_framework/tests/verification/P13/../P12/fixture.hpp:3:
/Users/rklinkhammer/workspace/vrt_framework/tests/verification/P13/../P12/../P10/runtime_fixture.hpp:10:251: warning: missing field 'large' initializer [-Wmissing-field-initializers]
   10 | inline vita::ExternalPools external_pools(){return{external_pool(64,64),external_pool(2048,64),external_pool(64,64),external_pool(8192,32),external_pool(8192,8),external_pool(2048,64),external_pool(8192,32),external_pool(8192,8),external_pool(8192,8)};}
      |                                                                                                                                                                                                                                                           ^
1 warning generated.
[118/264] Building CXX object tests/verification/P13/CMakeFiles/p13_verify_receiver_core.dir/receiver_core_contract.cpp.o
In file included from /Users/rklinkhammer/workspace/vrt_framework/tests/verification/P13/receiver_core_contract.cpp:3:
/Users/rklinkhammer/workspace/vrt_framework/tests/verification/P13/../P10/runtime_fixture.hpp:10:251: warning: missing field 'large' initializer [-Wmissing-field-initializers]
   10 | inline vita::ExternalPools external_pools(){return{external_pool(64,64),external_pool(2048,64),external_pool(64,64),external_pool(8192,32),external_pool(8192,8),external_pool(2048,64),external_pool(8192,32),external_pool(8192,8),external_pool(8192,8)};}
      |                                                                                                                                                                                                                                                           ^
1 warning generated.
[119/264] Building CXX object tests/unit/P14/CMakeFiles/p14_public_usage.dir/public_usage.cpp.o
[120/264] Building CXX object tests/unit/P14/CMakeFiles/p14_scalars.dir/scalars.cpp.o
[121/264] Building CXX object tests/verification/P13/CMakeFiles/p13_verify_payload_runtime.dir/payload_runtime_contract.cpp.o
In file included from /Users/rklinkhammer/workspace/vrt_framework/tests/verification/P13/payload_runtime_contract.cpp:3:
/Users/rklinkhammer/workspace/vrt_framework/tests/verification/P13/../P10/runtime_fixture.hpp:10:251: warning: missing field 'large' initializer [-Wmissing-field-initializers]
   10 | inline vita::ExternalPools external_pools(){return{external_pool(64,64),external_pool(2048,64),external_pool(64,64),external_pool(8192,32),external_pool(8192,8),external_pool(2048,64),external_pool(8192,32),external_pool(8192,8),external_pool(8192,8)};}
      |                                                                                                                                                                                                                                                           ^
1 warning generated.
[122/264] Building CXX object tests/unit/P14/CMakeFiles/p14_structured_wire.dir/structured_wire.cpp.o
[123/264] Building CXX object tests/unit/P14/CMakeFiles/p14_structures.dir/structures.cpp.o
[124/264] Building CXX object tests/verification/P14/CMakeFiles/p14_verify_allocation.dir/allocation_contract.cpp.o
[125/264] Building CXX object tests/verification/P14/CMakeFiles/p14_verify_native.dir/native_contract.cpp.o
[126/264] Building CXX object tests/verification/P14/CMakeFiles/p14_verify_scalars.dir/scalar_contract.cpp.o
[127/264] Building CXX object tests/verification/P14/CMakeFiles/p14_verify_structured_wire.dir/structured_wire_contract.cpp.o
[128/264] Building CXX object tests/verification/P14/CMakeFiles/p14_verify_native_allocation.dir/native_allocation_contract.cpp.o
[129/264] Building CXX object tests/verification/P14/CMakeFiles/p14_verify_structured_limits.dir/structured_limits_contract.cpp.o
[130/264] Building CXX object tests/verification/P14/CMakeFiles/p14_verify_structured_mutations.dir/structured_fuzz_contract.cpp.o
[131/264] Linking CXX executable bench/vita_benchmark
[132/264] Linking CXX executable bench/vita_receiver_benchmark
[133/264] Linking CXX executable bench/vita_replay_sender
[134/264] Linking CXX executable fuzz/vita_fuzz_replay
[135/264] Linking CXX executable tests/unit/P01/p01_semantics
[136/264] Linking CXX executable tests/verification/P01/p01_verify_semantics
[137/264] Linking CXX executable tests/verification/P01/p01_verify_allocations
[138/264] Linking CXX executable tests/unit/P02/p02_codec
[139/264] Linking CXX executable tests/unit/P02/p02_prologue
[140/264] Linking CXX executable tests/unit/P02/p02_ack_timing
[141/264] Linking CXX executable tests/verification/P02/p02_verify_wire
[142/264] Linking CXX executable tests/verification/P02/p02_verify_packet
[143/264] Linking CXX executable tests/verification/P02/p02_verify_samples
[144/264] Linking CXX executable tests/verification/P02/p02_verify_prologue
[145/264] Linking CXX executable tests/unit/P05/p05_loopback
[146/264] Linking CXX executable tests/unit/P05/p05_isolation
[147/264] Linking CXX executable tests/unit/P05/p05_budget
[148/264] Linking CXX executable tests/verification/P05/p05_verify_chain
[149/264] Linking CXX executable tests/verification/P05/p05_verify_routes
[150/264] Linking CXX executable tests/verification/P05/p05_verify_faults
[151/264] Linking CXX executable tests/verification/P05/p05_verify_budget
[152/264] Linking CXX executable tests/integration/P05/p05_m1_chain
[153/264] Linking CXX executable tests/unit/P06/p06_engine
[154/264] Linking CXX executable tests/unit/P06/p06_outcomes
[155/264] Linking CXX executable tests/verification/P06/p06_verify_cam
[156/264] Linking CXX executable tests/verification/P06/p06_verify_async
[157/264] Linking CXX executable tests/verification/P06/p06_verify_factors
[158/264] Linking CXX executable tests/verification/P06/p06_verify_scenarios
[159/264] Linking CXX executable tests/verification/P06/p06_verify_controller
[160/264] Linking CXX executable tests/verification/P06/p06_verify_timing
[161/264] Linking CXX executable tests/verification/P06/p06_verify_admission
[162/264] Linking CXX executable tests/verification/P06/p06_verify_outcomes
[163/264] Linking CXX executable tests/verification/P06/p06_verify_allocation
[164/264] Linking CXX executable tests/verification/P06/p06_verify_query
[165/264] Linking CXX executable tests/integration/P06/p06_loopback_transaction
[166/264] Linking CXX executable tests/unit/P07/p07_transactions
[167/264] Linking CXX executable tests/unit/P07/p07_timing
[168/264] Linking CXX executable tests/unit/P07/p07_controller
[169/264] Linking CXX executable tests/verification/P07/p07_verify_retention
[170/264] Linking CXX executable tests/verification/P07/p07_verify_keys
[171/264] Linking CXX executable tests/verification/P07/p07_verify_manager
[172/264] Linking CXX executable tests/verification/P07/p07_verify_controller
[173/264] Linking CXX executable tests/verification/P07/p07_verify_guard_race
[174/264] Linking CXX executable tests/verification/P07/p07_verify_timed_cancel
[175/264] Linking CXX executable tests/verification/P07/p07_verify_admission
[176/264] Linking CXX executable tests/integration/P07/p07_loopback
[177/264] Linking CXX executable tests/unit/P09/p09_context
[178/264] Linking CXX executable tests/unit/P09/p09_receiver
[179/264] Linking CXX executable tests/verification/P09/p09_verify_history
[180/264] Linking CXX executable tests/verification/P09/p09_verify_revisions
[181/264] Linking CXX executable tests/verification/P09/p09_verify_receiver
[182/264] Linking CXX executable tests/verification/P09/p09_verify_publisher
[183/264] Linking CXX executable tests/verification/P09/p09_verify_effects
[184/264] Linking CXX executable tests/verification/P09/p09_verify_allocation
[185/264] Linking CXX executable tests/verification/P09/p09_verify_context_wire
[186/264] Linking CXX executable tests/verification/P09/p09_verify_budget
[187/264] Linking CXX executable tests/integration/P09/p09_effects
[188/264] Linking CXX executable tests/unit/P10/p10_source
[189/264] Linking CXX executable tests/unit/P10/p10_lab
[190/264] Linking CXX executable tests/unit/P10/p10_runtime
[191/264] Linking CXX executable tests/unit/P10/p10_budget
[192/264] Linking CXX executable tests/verification/P10/p10_verify_credit
[193/264] Linking CXX executable tests/verification/P10/p10_verify_source
[194/264] Linking CXX executable tests/verification/P10/p10_verify_packetization
[195/264] Linking CXX executable tests/verification/P10/p10_verify_pacing
[196/264] Linking CXX executable tests/verification/P10/p10_verify_mapping
[197/264] Linking CXX executable tests/verification/P10/p10_verify_ownership
[198/264] Linking CXX executable tests/verification/P10/p10_verify_allocation
[199/264] Linking CXX executable tests/verification/P10/p10_verify_clock_scenarios
[200/264] Linking CXX executable tests/verification/P10/p10_verify_rate
[201/264] Linking CXX executable tests/verification/P10/p10_verify_provider
[202/264] Building CXX object examples/CMakeFiles/vita_controller_example.dir/controller.cpp.o
[203/264] Linking CXX executable tests/verification/P10/p10_verify_callback
[204/264] Linking CXX executable tests/verification/P10/p10_verify_reference
[205/264] Linking CXX executable tests/verification/P10/p10_verify_wait
[206/264] Linking CXX executable tests/unit/P11/p11_runtime
[207/264] Linking CXX executable tests/unit/P11/p11_transactions
[208/264] Linking CXX executable tests/verification/P11/p11_verify_engine
[209/264] Linking CXX executable tests/verification/P11/p11_verify_manager
[210/264] Linking CXX executable tests/verification/P11/p11_verify_recovery
[211/264] Linking CXX executable tests/verification/P11/p11_verify_scenarios
[212/264] Linking CXX executable tests/verification/P11/p11_verify_banks
[213/264] Linking CXX executable tests/verification/P11/p11_verify_continuity
[214/264] Linking CXX executable tests/verification/P11/p11_verify_shutdown
[215/264] Linking CXX executable tests/verification/P11/p11_verify_leases
[216/264] Linking CXX executable tests/verification/P11/p11_verify_allocation
[217/264] Building CXX object examples/CMakeFiles/vita_controllee_example.dir/controllee.cpp.o
[218/264] Linking CXX executable tests/verification/P11/p11_verify_late
[219/264] Linking CXX executable tests/verification/P11/p11_verify_timed
[220/264] Linking CXX executable tests/unit/P12/p12_binding
[221/264] Linking CXX executable tests/unit/P12/p12_socket
[222/264] Linking CXX executable tests/unit/P12/p12_adapter
[223/264] Linking CXX executable tests/verification/P12/p12_verify_factory
[224/264] Linking CXX executable tests/unit/P12/p12_runtime_binding
[225/264] Linking CXX executable tests/verification/P12/p12_verify_framing
[226/264] Linking CXX executable tests/verification/P12/p12_verify_socket
[227/264] Linking CXX executable tests/verification/P12/p12_verify_receive
[228/264] Linking CXX executable tests/verification/P12/p12_verify_isolation
[229/264] Linking CXX executable tests/verification/P12/p12_verify_rx_isolation
[230/264] Linking CXX executable tests/verification/P12/p12_verify_mtu
[231/264] Linking CXX executable tests/verification/P12/p12_verify_cycle
[232/264] Linking CXX executable tests/verification/P12/p12_verify_runtime
[233/264] Linking CXX executable tests/verification/P12/p12_verify_allocation
[234/264] Linking CXX executable tests/verification/P12/p12_verify_callback
[235/264] Linking CXX executable tests/unit/P13/p13_hooks
[236/264] Linking CXX executable tests/unit/P13/p13_retention_occupancy
[237/264] Building CXX object examples/CMakeFiles/vita_combined_example.dir/combined.cpp.o
[238/264] Linking CXX executable tests/unit/P13/p13_peer_capture
[239/264] Linking CXX executable tests/verification/P13/p13_verify_trace
[240/264] Linking CXX executable tests/unit/P13/p13_payload_modes
[241/264] Linking CXX executable tests/verification/P13/p13_verify_runtime_trace
[242/264] Linking CXX executable tests/verification/P13/p13_verify_ingress
[243/264] Linking CXX executable tests/verification/P13/p13_verify_ring
[244/264] Linking CXX executable tests/verification/P13/p13_verify_pressure
[245/264] Linking CXX executable tests/verification/P13/p13_verify_retention_index
[246/264] Linking CXX executable tests/verification/P13/p13_verify_late_capture
[247/264] Linking CXX executable tests/verification/P13/p13_verify_payload_runtime
[248/264] Linking CXX executable tests/verification/P13/p13_verify_payload
[249/264] Linking CXX executable tests/verification/P13/p13_verify_receiver_core
[250/264] Linking CXX executable tests/verification/P13/p13_verify_receiver_wire
[251/264] Linking CXX executable tests/unit/P14/p14_public_usage
[252/264] Linking CXX executable tests/unit/P14/p14_scalars
[253/264] Linking CXX executable tests/unit/P14/p14_structures
[254/264] Linking CXX executable tests/unit/P14/p14_structured_wire
[255/264] Linking CXX executable tests/verification/P14/p14_verify_structured_wire
[256/264] Linking CXX executable tests/verification/P14/p14_verify_scalars
[257/264] Linking CXX executable tests/verification/P14/p14_verify_native
[258/264] Linking CXX executable tests/verification/P14/p14_verify_allocation
[259/264] Linking CXX executable tests/verification/P14/p14_verify_structured_mutations
[260/264] Linking CXX executable tests/verification/P14/p14_verify_native_allocation
[261/264] Linking CXX executable examples/vita_controller_example
[262/264] Linking CXX executable tests/verification/P14/p14_verify_structured_limits
[263/264] Linking CXX executable examples/vita_controllee_example
[264/264] Linking CXX executable examples/vita_combined_example
