[1/127] Linking CXX executable bench/vita_benchmark
[2/127] Linking CXX executable bench/vita_receiver_benchmark
[3/127] Linking CXX executable bench/vita_replay_sender
[4/127] Linking CXX executable fuzz/vita_fuzz_replay
[5/127] Linking CXX executable tests/unit/P01/p01_semantics
[6/127] Linking CXX executable tests/verification/P01/p01_verify_semantics
[7/127] Linking CXX executable tests/verification/P01/p01_verify_allocations
[8/127] Linking CXX executable tests/unit/P02/p02_codec
[9/127] Linking CXX executable tests/unit/P02/p02_prologue
[10/127] Linking CXX executable tests/unit/P02/p02_ack_timing
[11/127] Linking CXX executable tests/verification/P02/p02_verify_wire
[12/127] Linking CXX executable tests/verification/P02/p02_verify_packet
[13/127] Linking CXX executable tests/verification/P02/p02_verify_samples
[14/127] Linking CXX executable tests/verification/P02/p02_verify_prologue
[15/127] Building CXX object tests/verification/P14/CMakeFiles/p14_verify_allocation.dir/allocation_contract.cpp.o
[16/127] Linking CXX executable tests/unit/P05/p05_loopback
[17/127] Linking CXX executable tests/unit/P05/p05_isolation
[18/127] Linking CXX executable tests/unit/P05/p05_budget
[19/127] Linking CXX executable tests/verification/P05/p05_verify_chain
[20/127] Linking CXX executable tests/verification/P05/p05_verify_routes
[21/127] Linking CXX executable tests/verification/P05/p05_verify_budget
[22/127] Linking CXX executable tests/verification/P05/p05_verify_faults
[23/127] Linking CXX executable tests/unit/P06/p06_engine
[24/127] Linking CXX executable tests/integration/P05/p05_m1_chain
[25/127] Linking CXX executable tests/unit/P06/p06_outcomes
[26/127] Linking CXX executable tests/verification/P06/p06_verify_cam
[27/127] Linking CXX executable tests/verification/P06/p06_verify_async
[28/127] Linking CXX executable tests/verification/P06/p06_verify_factors
[29/127] Linking CXX executable tests/verification/P06/p06_verify_controller
[30/127] Linking CXX executable tests/verification/P06/p06_verify_scenarios
[31/127] Linking CXX executable tests/verification/P06/p06_verify_timing
[32/127] Linking CXX executable tests/verification/P06/p06_verify_admission
[33/127] Linking CXX executable tests/verification/P06/p06_verify_outcomes
[34/127] Linking CXX executable tests/verification/P06/p06_verify_allocation
[35/127] Linking CXX executable tests/verification/P06/p06_verify_query
[36/127] Linking CXX executable tests/integration/P06/p06_loopback_transaction
[37/127] Linking CXX executable tests/unit/P07/p07_transactions
[38/127] Linking CXX executable tests/unit/P07/p07_timing
[39/127] Linking CXX executable tests/verification/P07/p07_verify_retention
[40/127] Linking CXX executable tests/unit/P07/p07_controller
[41/127] Linking CXX executable tests/verification/P07/p07_verify_manager
[42/127] Linking CXX executable tests/verification/P07/p07_verify_keys
[43/127] Linking CXX executable tests/verification/P07/p07_verify_controller
[44/127] Linking CXX executable tests/verification/P07/p07_verify_guard_race
[45/127] Linking CXX executable tests/verification/P07/p07_verify_timed_cancel
[46/127] Linking CXX executable tests/verification/P07/p07_verify_admission
[47/127] Linking CXX executable tests/integration/P07/p07_loopback
[48/127] Linking CXX executable tests/unit/P09/p09_context
[49/127] Linking CXX executable tests/unit/P09/p09_receiver
[50/127] Linking CXX executable tests/verification/P09/p09_verify_history
[51/127] Building CXX object tests/verification/P14/CMakeFiles/p14_verify_scalars.dir/scalar_contract.cpp.o
[52/127] Linking CXX executable tests/verification/P09/p09_verify_revisions
[53/127] Linking CXX executable tests/verification/P09/p09_verify_receiver
[54/127] Linking CXX executable tests/verification/P09/p09_verify_effects
[55/127] Linking CXX executable tests/verification/P09/p09_verify_publisher
[56/127] Linking CXX executable tests/verification/P09/p09_verify_allocation
[57/127] Linking CXX executable tests/verification/P09/p09_verify_budget
[58/127] Linking CXX executable tests/verification/P09/p09_verify_context_wire
[59/127] Linking CXX executable tests/integration/P09/p09_effects
[60/127] Linking CXX executable tests/unit/P10/p10_lab
[61/127] Linking CXX executable tests/unit/P10/p10_runtime
[62/127] Linking CXX executable tests/unit/P10/p10_source
[63/127] Linking CXX executable tests/verification/P10/p10_verify_credit
[64/127] Linking CXX executable tests/verification/P10/p10_verify_source
[65/127] Linking CXX executable tests/unit/P10/p10_budget
[66/127] Linking CXX executable tests/verification/P10/p10_verify_packetization
[67/127] Linking CXX executable tests/verification/P10/p10_verify_mapping
[68/127] Linking CXX executable tests/verification/P10/p10_verify_pacing
[69/127] Linking CXX executable tests/verification/P10/p10_verify_allocation
[70/127] Linking CXX executable tests/verification/P10/p10_verify_clock_scenarios
[71/127] Linking CXX executable tests/verification/P10/p10_verify_ownership
[72/127] Linking CXX executable tests/verification/P10/p10_verify_callback
[73/127] Linking CXX executable tests/verification/P10/p10_verify_rate
[74/127] Linking CXX executable tests/verification/P10/p10_verify_provider
[75/127] Linking CXX executable tests/verification/P10/p10_verify_wait
[76/127] Linking CXX executable tests/unit/P11/p11_runtime
[77/127] Linking CXX executable tests/verification/P10/p10_verify_reference
[78/127] Linking CXX executable tests/verification/P11/p11_verify_engine
[79/127] Linking CXX executable tests/verification/P11/p11_verify_manager
[80/127] Linking CXX executable tests/unit/P11/p11_transactions
[81/127] Linking CXX executable tests/verification/P11/p11_verify_scenarios
[82/127] Linking CXX executable tests/verification/P11/p11_verify_recovery
[83/127] Linking CXX executable tests/verification/P11/p11_verify_banks
[84/127] Linking CXX executable tests/verification/P11/p11_verify_continuity
[85/127] Linking CXX executable tests/verification/P11/p11_verify_shutdown
[86/127] Linking CXX executable tests/verification/P11/p11_verify_leases
[87/127] Linking CXX executable tests/verification/P11/p11_verify_allocation
[88/127] Linking CXX executable tests/verification/P11/p11_verify_late
[89/127] Linking CXX executable tests/verification/P11/p11_verify_timed
[90/127] Linking CXX executable tests/unit/P12/p12_adapter
[91/127] Linking CXX executable tests/unit/P12/p12_binding
[92/127] Linking CXX executable tests/unit/P12/p12_socket
[93/127] Linking CXX executable tests/unit/P12/p12_runtime_binding
[94/127] Linking CXX executable tests/verification/P12/p12_verify_factory
[95/127] Linking CXX executable tests/verification/P12/p12_verify_framing
[96/127] Linking CXX executable tests/verification/P12/p12_verify_isolation
[97/127] Linking CXX executable tests/verification/P12/p12_verify_receive
[98/127] Linking CXX executable tests/verification/P12/p12_verify_socket
[99/127] Linking CXX executable tests/verification/P12/p12_verify_rx_isolation
[100/127] Linking CXX executable tests/verification/P12/p12_verify_cycle
[101/127] Linking CXX executable tests/verification/P12/p12_verify_mtu
[102/127] Linking CXX executable tests/verification/P12/p12_verify_allocation
[103/127] Linking CXX executable tests/verification/P12/p12_verify_runtime
[104/127] Linking CXX executable tests/verification/P12/p12_verify_callback
[105/127] Linking CXX executable tests/unit/P13/p13_peer_capture
[106/127] Linking CXX executable tests/unit/P13/p13_retention_occupancy
[107/127] Linking CXX executable tests/unit/P13/p13_hooks
[108/127] Linking CXX executable tests/unit/P13/p13_payload_modes
[109/127] Linking CXX executable tests/verification/P13/p13_verify_runtime_trace
[110/127] Linking CXX executable tests/verification/P13/p13_verify_trace
[111/127] Linking CXX executable tests/verification/P13/p13_verify_ring
[112/127] Linking CXX executable tests/verification/P13/p13_verify_retention_index
[113/127] Linking CXX executable tests/verification/P13/p13_verify_ingress
[114/127] Linking CXX executable tests/verification/P13/p13_verify_late_capture
[115/127] Linking CXX executable tests/verification/P13/p13_verify_payload
[116/127] Linking CXX executable tests/verification/P13/p13_verify_pressure
[117/127] Linking CXX executable tests/verification/P13/p13_verify_receiver_core
[118/127] Linking CXX executable tests/verification/P13/p13_verify_payload_runtime
[119/127] Linking CXX executable tests/verification/P13/p13_verify_receiver_wire
[120/127] Linking CXX executable tests/unit/P14/p14_scalars
[121/127] Linking CXX executable tests/unit/P14/p14_public_usage
[122/127] Linking CXX executable tests/verification/P14/p14_verify_scalars
[123/127] Linking CXX executable examples/vita_controllee_example
[124/127] Linking CXX executable tests/verification/P14/p14_verify_allocation
[125/127] Linking CXX executable examples/vita_controller_example
[126/127] Building CXX object examples/CMakeFiles/vita_combined_example.dir/combined.cpp.o
[127/127] Linking CXX executable examples/vita_combined_example
